Archive member included to satisfy reference by file (symbol)

c:/siliconlabs/simplicitystudio/v5/developer/toolchains/gnu_arm/12.2.rel1_2023.7/bin/../lib/gcc/arm-none-eabi/12.2.1/thumb/v8-m.main+fp/hard\libgcc.a(_arm_muldf3.o)
                              ./mlx90640/mlx90640.o (__aeabi_dmul)
c:/siliconlabs/simplicitystudio/v5/developer/toolchains/gnu_arm/12.2.rel1_2023.7/bin/../lib/gcc/arm-none-eabi/12.2.1/thumb/v8-m.main+fp/hard\libgcc.a(_arm_addsubdf3.o)
                              ./mlx90640/mlx90640.o (__aeabi_dsub)
c:/siliconlabs/simplicitystudio/v5/developer/toolchains/gnu_arm/12.2.rel1_2023.7/bin/../lib/gcc/arm-none-eabi/12.2.1/thumb/v8-m.main+fp/hard\libgcc.a(_arm_muldivdf3.o)
                              ./mlx90640/mlx90640.o (__aeabi_ddiv)
c:/siliconlabs/simplicitystudio/v5/developer/toolchains/gnu_arm/12.2.rel1_2023.7/bin/../lib/gcc/arm-none-eabi/12.2.1/thumb/v8-m.main+fp/hard\libgcc.a(_arm_cmpdf2.o)
                              ./mlx90640/mlx90640.o (__aeabi_dcmplt)
c:/siliconlabs/simplicitystudio/v5/developer/toolchains/gnu_arm/12.2.rel1_2023.7/bin/../lib/gcc/arm-none-eabi/12.2.1/thumb/v8-m.main+fp/hard\libgcc.a(_arm_fixdfsi.o)
                              ./mlx90640/mlx90640.o (__aeabi_d2iz)
c:/siliconlabs/simplicitystudio/v5/developer/toolchains/gnu_arm/12.2.rel1_2023.7/bin/../lib/gcc/arm-none-eabi/12.2.1/thumb/v8-m.main+fp/hard\libgcc.a(_arm_fixunsdfsi.o)
                              ./mlx90640/mlx90640.o (__aeabi_d2uiz)
c:/siliconlabs/simplicitystudio/v5/developer/toolchains/gnu_arm/12.2.rel1_2023.7/bin/../lib/gcc/arm-none-eabi/12.2.1/thumb/v8-m.main+fp/hard\libgcc.a(_arm_truncdfsf2.o)
                              ./mlx90640/mlx90640.o (__aeabi_d2f)
c:/siliconlabs/simplicitystudio/v5/developer/toolchains/gnu_arm/12.2.rel1_2023.7/bin/../lib/gcc/arm-none-eabi/12.2.1/thumb/v8-m.main+fp/hard\libgcc.a(_aeabi_ldivmod.o)
                              ./gecko_sdk_4.4.2/platform/emlib/src/em_eusart.o (__aeabi_ldivmod)
c:/siliconlabs/simplicitystudio/v5/developer/toolchains/gnu_arm/12.2.rel1_2023.7/bin/../lib/gcc/arm-none-eabi/12.2.1/thumb/v8-m.main+fp/hard\libgcc.a(_aeabi_uldivmod.o)
                              ./gecko_sdk_4.4.2/platform/emlib/src/em_eusart.o (__aeabi_uldivmod)
c:/siliconlabs/simplicitystudio/v5/developer/toolchains/gnu_arm/12.2.rel1_2023.7/bin/../lib/gcc/arm-none-eabi/12.2.1/thumb/v8-m.main+fp/hard\libgcc.a(_udivmoddi4.o)
                              c:/siliconlabs/simplicitystudio/v5/developer/toolchains/gnu_arm/12.2.rel1_2023.7/bin/../lib/gcc/arm-none-eabi/12.2.1/thumb/v8-m.main+fp/hard\libgcc.a(_aeabi_ldivmod.o) (__udivmoddi4)
c:/siliconlabs/simplicitystudio/v5/developer/toolchains/gnu_arm/12.2.rel1_2023.7/bin/../lib/gcc/arm-none-eabi/12.2.1/thumb/v8-m.main+fp/hard\libgcc.a(_dvmd_tls.o)
                              c:/siliconlabs/simplicitystudio/v5/developer/toolchains/gnu_arm/12.2.rel1_2023.7/bin/../lib/gcc/arm-none-eabi/12.2.1/thumb/v8-m.main+fp/hard\libgcc.a(_aeabi_ldivmod.o) (__aeabi_ldiv0)
c:/siliconlabs/simplicitystudio/v5/developer/toolchains/gnu_arm/12.2.rel1_2023.7/bin/../lib/gcc/arm-none-eabi/12.2.1/thumb/v8-m.main+fp/hard\libc_nano.a(libc_a-exit.o)
                              c:/siliconlabs/simplicitystudio/v5/developer/toolchains/gnu_arm/12.2.rel1_2023.7/bin/../lib/gcc/arm-none-eabi/12.2.1/thumb/v8-m.main+fp/hard/crt0.o (exit)
c:/siliconlabs/simplicitystudio/v5/developer/toolchains/gnu_arm/12.2.rel1_2023.7/bin/../lib/gcc/arm-none-eabi/12.2.1/thumb/v8-m.main+fp/hard\libc_nano.a(libc_a-malloc.o)
                              ./mlx90640/mlx90640.o (malloc)
c:/siliconlabs/simplicitystudio/v5/developer/toolchains/gnu_arm/12.2.rel1_2023.7/bin/../lib/gcc/arm-none-eabi/12.2.1/thumb/v8-m.main+fp/hard\libc_nano.a(libc_a-mallocr.o)
                              c:/siliconlabs/simplicitystudio/v5/developer/toolchains/gnu_arm/12.2.rel1_2023.7/bin/../lib/gcc/arm-none-eabi/12.2.1/thumb/v8-m.main+fp/hard\libc_nano.a(libc_a-malloc.o) (_malloc_r)
c:/siliconlabs/simplicitystudio/v5/developer/toolchains/gnu_arm/12.2.rel1_2023.7/bin/../lib/gcc/arm-none-eabi/12.2.1/thumb/v8-m.main+fp/hard\libc_nano.a(libc_a-mlock.o)
                              c:/siliconlabs/simplicitystudio/v5/developer/toolchains/gnu_arm/12.2.rel1_2023.7/bin/../lib/gcc/arm-none-eabi/12.2.1/thumb/v8-m.main+fp/hard\libc_nano.a(libc_a-mallocr.o) (__malloc_lock)
c:/siliconlabs/simplicitystudio/v5/developer/toolchains/gnu_arm/12.2.rel1_2023.7/bin/../lib/gcc/arm-none-eabi/12.2.1/thumb/v8-m.main+fp/hard\libc_nano.a(libc_a-ctype_.o)
                              ./gecko_sdk_4.4.2/platform/common/src/sl_string.o (_ctype_)
c:/siliconlabs/simplicitystudio/v5/developer/toolchains/gnu_arm/12.2.rel1_2023.7/bin/../lib/gcc/arm-none-eabi/12.2.1/thumb/v8-m.main+fp/hard\libc_nano.a(libc_a-findfp.o)
                              c:/siliconlabs/simplicitystudio/v5/developer/toolchains/gnu_arm/12.2.rel1_2023.7/bin/../lib/gcc/arm-none-eabi/12.2.1/thumb/v8-m.main+fp/hard\libc_nano.a(libc_a-exit.o) (__stdio_exit_handler)
[...]
Memory Configuration

Name             Origin             Length             Attributes
FLASH            0x08000000         0x0017e000         xr
RAM              0x20000000         0x00040000         xrw
*default*        0x00000000         0xffffffff

Linker script and memory map

LOAD c:/siliconlabs/simplicitystudio/v5/developer/toolchains/gnu_arm/12.2.rel1_2023.7/bin/../lib/gcc/arm-none-eabi/12.2.1/thumb/v8-m.main+fp/hard/crti.o
LOAD c:/siliconlabs/simplicitystudio/v5/developer/toolchains/gnu_arm/12.2.rel1_2023.7/bin/../lib/gcc/arm-none-eabi/12.2.1/thumb/v8-m.main+fp/hard/crtbegin.o
LOAD c:/siliconlabs/simplicitystudio/v5/developer/toolchains/gnu_arm/12.2.rel1_2023.7/bin/../lib/gcc/arm-none-eabi/12.2.1/thumb/v8-m.main+fp/hard/crt0.o
START GROUP
LOAD ./app.o
LOAD ./main.o
LOAD ./autogen/sl_board_default_init.o
LOAD ./autogen/sl_device_init_clocks.o
LOAD ./autogen/sl_event_handler.o
LOAD ./autogen/sl_i2cspm_init.o
LOAD ./autogen/sl_iostream_handles.o
LOAD ./autogen/sl_iostream_init_eusart_instances.o
LOAD ./gecko_sdk_4.4.2/app/common/util/app_log/app_log.o
LOAD ./gecko_sdk_4.4.2/hardware/board/src/sl_board_control_gpio.o
LOAD ./gecko_sdk_4.4.2/hardware/board/src/sl_board_init.o
LOAD ./gecko_sdk_4.4.2/hardware/driver/configuration_over_swo/src/sl_cos.o
LOAD ./gecko_sdk_4.4.2/hardware/driver/mx25_flash_shutdown/src/sl_mx25_flash_shutdown_usart/sl_mx25_flash_shutdown.o
LOAD ./gecko_sdk_4.4.2/platform/Device/SiliconLabs/EFR32MG24/Source/startup_efr32mg24.o
LOAD ./gecko_sdk_4.4.2/platform/Device/SiliconLabs/EFR32MG24/Source/system_efr32mg24.o
LOAD ./gecko_sdk_4.4.2/platform/common/src/sl_assert.o
LOAD ./gecko_sdk_4.4.2/platform/common/src/sl_slist.o
LOAD ./gecko_sdk_4.4.2/platform/common/src/sl_string.o
LOAD ./gecko_sdk_4.4.2/platform/common/src/sl_syscalls.o
LOAD ./gecko_sdk_4.4.2/platform/common/toolchain/src/sl_memory.o
LOAD ./gecko_sdk_4.4.2/platform/driver/debug/src/sl_debug_swo.o
LOAD ./gecko_sdk_4.4.2/platform/driver/i2cspm/src/sl_i2cspm.o
LOAD ./gecko_sdk_4.4.2/platform/emdrv/dmadrv/src/dmadrv.o
LOAD ./gecko_sdk_4.4.2/platform/emlib/src/em_burtc.o
LOAD ./gecko_sdk_4.4.2/platform/emlib/src/em_cmu.o
LOAD ./gecko_sdk_4.4.2/platform/emlib/src/em_core.o
LOAD ./gecko_sdk_4.4.2/platform/emlib/src/em_emu.o
LOAD ./gecko_sdk_4.4.2/platform/emlib/src/em_eusart.o
LOAD ./gecko_sdk_4.4.2/platform/emlib/src/em_gpio.o
LOAD ./gecko_sdk_4.4.2/platform/emlib/src/em_i2c.o
LOAD ./gecko_sdk_4.4.2/platform/emlib/src/em_ldma.o
LOAD ./gecko_sdk_4.4.2/platform/emlib/src/em_msc.o
LOAD ./gecko_sdk_4.4.2/platform/emlib/src/em_prs.o
LOAD ./gecko_sdk_4.4.2/platform/emlib/src/em_system.o
LOAD ./gecko_sdk_4.4.2/platform/emlib/src/em_timer.o
LOAD ./gecko_sdk_4.4.2/platform/emlib/src/em_usart.o
LOAD ./gecko_sdk_4.4.2/platform/peripheral/src/peripheral_sysrtc.o
LOAD ./gecko_sdk_4.4.2/platform/service/device_init/src/sl_device_init_dcdc_s2.o
LOAD ./gecko_sdk_4.4.2/platform/service/device_init/src/sl_device_init_emu_s2.o
LOAD ./gecko_sdk_4.4.2/platform/service/device_init/src/sl_device_init_hfxo_s2.o
LOAD ./gecko_sdk_4.4.2/platform/service/device_init/src/sl_device_init_lfxo_s2.o
LOAD ./gecko_sdk_4.4.2/platform/service/device_init/src/sl_device_init_nvic.o
LOAD ./gecko_sdk_4.4.2/platform/service/iostream/src/sl_iostream.o
LOAD ./gecko_sdk_4.4.2/platform/service/iostream/src/sl_iostream_eusart.o
LOAD ./gecko_sdk_4.4.2/platform/service/iostream/src/sl_iostream_retarget_stdio.o
LOAD ./gecko_sdk_4.4.2/platform/service/iostream/src/sl_iostream_stdlib_config.o
LOAD ./gecko_sdk_4.4.2/platform/service/iostream/src/sl_iostream_uart.o
LOAD ./gecko_sdk_4.4.2/platform/service/sleeptimer/src/sl_sleeptimer.o
LOAD ./gecko_sdk_4.4.2/platform/service/sleeptimer/src/sl_sleeptimer_hal_burtc.o
LOAD ./gecko_sdk_4.4.2/platform/service/sleeptimer/src/sl_sleeptimer_hal_sysrtc.o
LOAD ./gecko_sdk_4.4.2/platform/service/sleeptimer/src/sl_sleeptimer_hal_timer.o
LOAD ./gecko_sdk_4.4.2/platform/service/system/src/sl_system_init.o
LOAD ./gecko_sdk_4.4.2/platform/service/system/src/sl_system_process_action.o
LOAD ./gecko_sdk_4.4.2/platform/service/udelay/src/sl_udelay.o
LOAD ./gecko_sdk_4.4.2/platform/service/udelay/src/sl_udelay_armv6m_gcc.o
LOAD ./mlx90640/mlx90640.o
LOAD ./mlx90640/mlx90640_i2c.o
LOAD C:/Users/masud/SimplicityStudio/SDKs/gecko_sdk//util/third_party/cmsis/lib/gcc/cortex-m33/libCMSISDSP.a
LOAD c:/siliconlabs/simplicitystudio/v5/developer/toolchains/gnu_arm/12.2.rel1_2023.7/bin/../lib/gcc/arm-none-eabi/12.2.1/thumb/v8-m.main+fp/hard\libgcc.a
LOAD c:/siliconlabs/simplicitystudio/v5/developer/toolchains/gnu_arm/12.2.rel1_2023.7/bin/../lib/gcc/arm-none-eabi/12.2.1/thumb/v8-m.main+fp/hard\libc_nano.a
LOAD c:/siliconlabs/simplicitystudio/v5/developer/toolchains/gnu_arm/12.2.rel1_2023.7/bin/../lib/gcc/arm-none-eabi/12.2.1/thumb/v8-m.main+fp/hard\libm.a
LOAD c:/siliconlabs/simplicitystudio/v5/developer/toolchains/gnu_arm/12.2.rel1_2023.7/bin/../lib/gcc/arm-none-eabi/12.2.1/thumb/v8-m.main+fp/hard\libnosys.a
END GROUP
START GROUP
LOAD c:/siliconlabs/simplicitystudio/v5/developer/toolchains/gnu_arm/12.2.rel1_2023.7/bin/../lib/gcc/arm-none-eabi/12.2.1/thumb/v8-m.main+fp/hard\libgcc.a
LOAD c:/siliconlabs/simplicitystudio/v5/developer/toolchains/gnu_arm/12.2.rel1_2023.7/bin/../lib/gcc/arm-none-eabi/12.2.1/thumb/v8-m.main+fp/hard\libc_nano.a
LOAD c:/siliconlabs/simplicitystudio/v5/developer/toolchains/gnu_arm/12.2.rel1_2023.7/bin/../lib/gcc/arm-none-eabi/12.2.1/thumb/v8-m.main+fp/hard\libnosys.a
END GROUP
START GROUP
LOAD c:/siliconlabs/simplicitystudio/v5/developer/toolchains/gnu_arm/12.2.rel1_2023.7/bin/../lib/gcc/arm-none-eabi/12.2.1/thumb/v8-m.main+fp/hard\libgcc.a
LOAD c:/siliconlabs/simplicitystudio/v5/developer/toolchains/gnu_arm/12.2.rel1_2023.7/bin/../lib/gcc/arm-none-eabi/12.2.1/thumb/v8-m.main+fp/hard\libg_nano.a
LOAD c:/siliconlabs/simplicitystudio/v5/developer/toolchains/gnu_arm/12.2.rel1_2023.7/bin/../lib/gcc/arm-none-eabi/12.2.1/thumb/v8-m.main+fp/hard\libc_nano.a
END GROUP
START GROUP
LOAD c:/siliconlabs/simplicitystudio/v5/developer/toolchains/gnu_arm/12.2.rel1_2023.7/bin/../lib/gcc/arm-none-eabi/12.2.1/thumb/v8-m.main+fp/hard\libgcc.a
LOAD c:/siliconlabs/simplicitystudio/v5/developer/toolchains/gnu_arm/12.2.rel1_2023.7/bin/../lib/gcc/arm-none-eabi/12.2.1/thumb/v8-m.main+fp/hard\libc_nano.a
END GROUP
LOAD c:/siliconlabs/simplicitystudio/v5/developer/toolchains/gnu_arm/12.2.rel1_2023.7/bin/../lib/gcc/arm-none-eabi/12.2.1/thumb/v8-m.main+fp/hard/crtend.o
LOAD c:/siliconlabs/simplicitystudio/v5/developer/toolchains/gnu_arm/12.2.rel1_2023.7/bin/../lib/gcc/arm-none-eabi/12.2.1/thumb/v8-m.main+fp/hard/crtn.o

.text           0x08000000     0x9030
                0x08000000                linker_vectors_begin = .
 *(.vectors)
 .vectors       0x08000000      0x170 ./gecko_sdk_4.4.2/platform/Device/SiliconLabs/EFR32MG24/Source/startup_efr32mg24.o
                0x08000000                __Vectors
                0x08000170                linker_vectors_end = .
                0x08000170                __Vectors_End = .
                0x08000170                __Vectors_Size = (__Vectors_End - __Vectors)
                0x08000170                linker_code_begin = .
 *(SORT_BY_ALIGNMENT(.text*))
 .text          0x08000170        0x8 ./gecko_sdk_4.4.2/platform/service/udelay/src/sl_udelay_armv6m_gcc.o
                0x08000170                sli_delay_loop
 .text.mlx90640_ExtractParameters
                0x08000178      0xd7c ./mlx90640/mlx90640.o
                0x08000178                mlx90640_ExtractParameters
 *fill*         0x08000ef4        0x4 
 .text.mlx90640_GetVdd
                0x08000ef8       0xc4 ./mlx90640/mlx90640.o
                0x08000ef8                mlx90640_GetVdd
 *fill*         0x08000fbc        0x4 
 .text.mlx90640_GetTa
                0x08000fc0      0x118 ./mlx90640/mlx90640.o
                0x08000fc0                mlx90640_GetTa
 .text.pow      0x080010d8       0xf0 c:/siliconlabs/simplicitystudio/v5/developer/toolchains/gnu_arm/12.2.rel1_2023.7/bin/../lib/gcc/arm-none-eabi/12.2.1/thumb/v8-m.main+fp/hard\libm.a(libm_a-w_pow.o)
                0x080010d8                pow
 .text.__ieee754_pow
                0x080011c8      0xc2c c:/siliconlabs/simplicitystudio/v5/developer/toolchains/gnu_arm/12.2.rel1_2023.7/bin/../lib/gcc/arm-none-eabi/12.2.1/thumb/v8-m.main+fp/hard\libm.a(libm_a-e_pow.o)
                0x080011c8                __ieee754_pow
 *fill*         0x08001df4        0x4 
 .text.scalbn   0x08001df8      0x110 c:/siliconlabs/simplicitystudio/v5/developer/toolchains/gnu_arm/12.2.rel1_2023.7/bin/../lib/gcc/arm-none-eabi/12.2.1/thumb/v8-m.main+fp/hard\libm.a(libm_a-s_scalbn.o)
                0x08001df8                scalbn
 .text.__math_uflow
                0x08001f08       0x10 c:/siliconlabs/simplicitystudio/v5/developer/toolchains/gnu_arm/12.2.rel1_2023.7/bin/../lib/gcc/arm-none-eabi/12.2.1/thumb/v8-m.main+fp/hard\libm.a(libm_a-math_err.o)
                0x08001f08                __math_uflow
 .text.__math_oflow
                0x08001f18       0x10 c:/siliconlabs/simplicitystudio/v5/developer/toolchains/gnu_arm/12.2.rel1_2023.7/bin/../lib/gcc/arm-none-eabi/12.2.1/thumb/v8-m.main+fp/hard\libm.a(libm_a-math_err.o)
                0x08001f18                __math_oflow
 .text.deregister_tm_clones
                0x08001f28       0x1c c:/siliconlabs/simplicitystudio/v5/developer/toolchains/gnu_arm/12.2.rel1_2023.7/bin/../lib/gcc/arm-none-eabi/12.2.1/thumb/v8-m.main+fp/hard/crtbegin.o
 .text.register_tm_clones
                0x08001f44       0x28 c:/siliconlabs/simplicitystudio/v5/developer/toolchains/gnu_arm/12.2.rel1_2023.7/bin/../lib/gcc/arm-none-eabi/12.2.1/thumb/v8-m.main+fp/hard/crtbegin.o
 .text.__do_global_dtors_aux
                0x08001f6c       0x28 c:/siliconlabs/simplicitystudio/v5/developer/toolchains/gnu_arm/12.2.rel1_2023.7/bin/../lib/gcc/arm-none-eabi/12.2.1/thumb/v8-m.main+fp/hard/crtbegin.o
 .text.frame_dummy
                0x08001f94       0x24 c:/siliconlabs/simplicitystudio/v5/developer/toolchains/gnu_arm/12.2.rel1_2023.7/bin/../lib/gcc/arm-none-eabi/12.2.1/thumb/v8-m.main+fp/hard/crtbegin.o
 .text          0x08001fb8       0x7c c:/siliconlabs/simplicitystudio/v5/developer/toolchains/gnu_arm/12.2.rel1_2023.7/bin/../lib/gcc/arm-none-eabi/12.2.1/thumb/v8-m.main+fp/hard/crt0.o
                0x08001fb8                _stack_init
                0x08001fc0                _start
                0x08001fc0                _mainCRTStartup
 .text.read_raw_ir_data
                0x08002034       0x88 ./app.o
                0x08002034                read_raw_ir_data
 .text.mlx90640_timer_callback
                0x080020bc       0x5c ./app.o
                0x080020bc                mlx90640_timer_callback
 .text.app_init
                0x08002118       0x58 ./app.o
                0x08002118                app_init
 .text.sl_device_init_clocks
                0x08002170       0xac ./autogen/sl_device_init_clocks.o
                0x08002170                sl_device_init_clocks
 .text.sl_i2cspm_init_instances
                0x0800221c       0x18 ./autogen/sl_i2cspm_init.o
                0x0800221c                sl_i2cspm_init_instances
 .text.sl_iostream_eusart_init_vcom
                0x08002234       0xac ./autogen/sl_iostream_init_eusart_instances.o
                0x08002234                sl_iostream_eusart_init_vcom
 .text.EUSART0_RX_IRQHandler
                0x080022e0        0xc ./autogen/sl_iostream_init_eusart_instances.o
                0x080022e0                EUSART0_RX_IRQHandler
 .text.app_log_init
                0x080022ec       0x38 ./gecko_sdk_4.4.2/app/common/util/app_log/app_log.o
                0x080022ec                app_log_init
 .text.cs_high  0x08002324       0x10 ./gecko_sdk_4.4.2/hardware/driver/mx25_flash_shutdown/src/sl_mx25_flash_shutdown_usart/sl_mx25_flash_shutdown.o
 .text.cs_low   0x08002334       0x10 ./gecko_sdk_4.4.2/hardware/driver/mx25_flash_shutdown/src/sl_mx25_flash_shutdown_usart/sl_mx25_flash_shutdown.o
 .text.sl_mx25_flash_shutdown
                0x08002344      0x118 ./gecko_sdk_4.4.2/hardware/driver/mx25_flash_shutdown/src/sl_mx25_flash_shutdown_usart/sl_mx25_flash_shutdown.o
                0x08002344                sl_mx25_flash_shutdown
 .text.CopyRamFuncs
                0x0800245c       0x1c ./gecko_sdk_4.4.2/platform/Device/SiliconLabs/EFR32MG24/Source/startup_efr32mg24.o
                0x0800245c                CopyRamFuncs
 .text.Reset_Handler
                0x08002478       0x64 ./gecko_sdk_4.4.2/platform/Device/SiliconLabs/EFR32MG24/Source/startup_efr32mg24.o
                0x08002478                Reset_Handler
 .text.SystemInit
                0x080024dc       0x68 ./gecko_sdk_4.4.2/platform/Device/SiliconLabs/EFR32MG24/Source/system_efr32mg24.o
                0x080024dc                SystemInit
 .text.SystemHFRCODPLLClockGet
                0x08002544        0xc ./gecko_sdk_4.4.2/platform/Device/SiliconLabs/EFR32MG24/Source/system_efr32mg24.o
                0x08002544                SystemHFRCODPLLClockGet
 .text.SystemSYSCLKGet
                0x08002550       0x34 ./gecko_sdk_4.4.2/platform/Device/SiliconLabs/EFR32MG24/Source/system_efr32mg24.o
                0x08002550                SystemSYSCLKGet
 .text.SystemHCLKGet
                0x08002584       0x24 ./gecko_sdk_4.4.2/platform/Device/SiliconLabs/EFR32MG24/Source/system_efr32mg24.o
                0x08002584                SystemHCLKGet
 .text.SystemMaxCoreClockGet
                0x080025a8        0x8 ./gecko_sdk_4.4.2/platform/Device/SiliconLabs/EFR32MG24/Source/system_efr32mg24.o
                0x080025a8                SystemMaxCoreClockGet
 .text.SystemHFXOClockGet
                0x080025b0        0xc ./gecko_sdk_4.4.2/platform/Device/SiliconLabs/EFR32MG24/Source/system_efr32mg24.o
                0x080025b0                SystemHFXOClockGet
 .text.SystemHFXOClockSet
                0x080025bc       0x20 ./gecko_sdk_4.4.2/platform/Device/SiliconLabs/EFR32MG24/Source/system_efr32mg24.o
                0x080025bc                SystemHFXOClockSet
 .text.SystemFSRCOClockGet
                0x080025dc        0x8 ./gecko_sdk_4.4.2/platform/Device/SiliconLabs/EFR32MG24/Source/system_efr32mg24.o
                0x080025dc                SystemFSRCOClockGet
 .text.SystemHFRCOEM23ClockGet
                0x080025e4       0x84 ./gecko_sdk_4.4.2/platform/Device/SiliconLabs/EFR32MG24/Source/system_efr32mg24.o
                0x080025e4                SystemHFRCOEM23ClockGet
 .text.SystemLFXOClockGet
                0x08002668        0xc ./gecko_sdk_4.4.2/platform/Device/SiliconLabs/EFR32MG24/Source/system_efr32mg24.o
                0x08002668                SystemLFXOClockGet
 .text._sbrk    0x08002674       0x20 ./gecko_sdk_4.4.2/platform/common/toolchain/src/sl_memory.o
                0x08002674                _sbrk
 .text.sl_debug_swo_init
                0x08002694      0x114 ./gecko_sdk_4.4.2/platform/driver/debug/src/sl_debug_swo.o
                0x08002694                sl_debug_swo_init
 .text.sl_debug_swo_write_u8
                0x080027a8       0x44 ./gecko_sdk_4.4.2/platform/driver/debug/src/sl_debug_swo.o
                0x080027a8                sl_debug_swo_write_u8
 .text.I2CSPM_Init
                0x080027ec      0x158 ./gecko_sdk_4.4.2/platform/driver/i2cspm/src/sl_i2cspm.o
                0x080027ec                I2CSPM_Init
 .text.I2CSPM_Transfer
                0x08002944       0x20 ./gecko_sdk_4.4.2/platform/driver/i2cspm/src/sl_i2cspm.o
                0x08002944                I2CSPM_Transfer
 .text.StartTransfer
                0x08002964      0x17c ./gecko_sdk_4.4.2/platform/emdrv/dmadrv/src/dmadrv.o
 .text.DMADRV_AllocateChannel
                0x08002ae0       0x60 ./gecko_sdk_4.4.2/platform/emdrv/dmadrv/src/dmadrv.o
                0x08002ae0                DMADRV_AllocateChannel
 .text.DMADRV_DeInit
                0x08002b40       0x44 ./gecko_sdk_4.4.2/platform/emdrv/dmadrv/src/dmadrv.o
                0x08002b40                DMADRV_DeInit
 .text.DMADRV_FreeChannel
                0x08002b84       0x4c ./gecko_sdk_4.4.2/platform/emdrv/dmadrv/src/dmadrv.o
                0x08002b84                DMADRV_FreeChannel
 .text.DMADRV_Init
                0x08002bd0       0x68 ./gecko_sdk_4.4.2/platform/emdrv/dmadrv/src/dmadrv.o
                0x08002bd0                DMADRV_Init
 .text.DMADRV_PauseTransfer
                0x08002c38       0x40 ./gecko_sdk_4.4.2/platform/emdrv/dmadrv/src/dmadrv.o
                0x08002c38                DMADRV_PauseTransfer
 .text.DMADRV_ResumeTransfer
                0x08002c78       0x40 ./gecko_sdk_4.4.2/platform/emdrv/dmadrv/src/dmadrv.o
                0x08002c78                DMADRV_ResumeTransfer
 .text.DMADRV_StopTransfer
                0x08002cb8       0x40 ./gecko_sdk_4.4.2/platform/emdrv/dmadrv/src/dmadrv.o
                0x08002cb8                DMADRV_StopTransfer
 .text.DMADRV_TransferCompletePending
                0x08002cf8       0x50 ./gecko_sdk_4.4.2/platform/emdrv/dmadrv/src/dmadrv.o
                0x08002cf8                DMADRV_TransferCompletePending
 .text.DMADRV_TransferDone
                0x08002d48       0x44 ./gecko_sdk_4.4.2/platform/emdrv/dmadrv/src/dmadrv.o
                0x08002d48                DMADRV_TransferDone
 .text.LDMA_IRQHandler
                0x08002d8c       0x74 ./gecko_sdk_4.4.2/platform/emdrv/dmadrv/src/dmadrv.o
                0x08002d8c                LDMA_IRQHandler
 .text.EMU_VScaleGet
                0x08002e00       0x18 ./gecko_sdk_4.4.2/platform/emlib/src/em_cmu.o
 .text.traceClkGet
                0x08002e18       0x54 ./gecko_sdk_4.4.2/platform/emlib/src/em_cmu.o
 .text.em01GrpaClkGet
                0x08002e6c       0x74 ./gecko_sdk_4.4.2/platform/emlib/src/em_cmu.o
 .text.em01GrpcClkGet
                0x08002ee0       0x70 ./gecko_sdk_4.4.2/platform/emlib/src/em_cmu.o
 .text.iadcClkGet
                0x08002f50       0x60 ./gecko_sdk_4.4.2/platform/emlib/src/em_cmu.o
 .text.eusart0ClkGet
                0x08002fb0       0x74 ./gecko_sdk_4.4.2/platform/emlib/src/em_cmu.o
 .text.em23GrpaClkGet
                0x08003024       0x48 ./gecko_sdk_4.4.2/platform/emlib/src/em_cmu.o
 .text.vdac0ClkGet
                0x0800306c       0x70 ./gecko_sdk_4.4.2/platform/emlib/src/em_cmu.o
 .text.vdac1ClkGet
                0x080030dc       0x70 ./gecko_sdk_4.4.2/platform/emlib/src/em_cmu.o
 .text.pcnt0ClkGet
                0x0800314c       0x4c ./gecko_sdk_4.4.2/platform/emlib/src/em_cmu.o
 .text.wdog0ClkGet
                0x08003198       0x64 ./gecko_sdk_4.4.2/platform/emlib/src/em_cmu.o
 .text.wdog1ClkGet
                0x080031fc       0x64 ./gecko_sdk_4.4.2/platform/emlib/src/em_cmu.o
 .text.sysrtcClkGet
                0x08003260       0x48 ./gecko_sdk_4.4.2/platform/emlib/src/em_cmu.o
 .text.em4GrpaClkGet
                0x080032a8       0x48 ./gecko_sdk_4.4.2/platform/emlib/src/em_cmu.o
 .text.CMU_ClockDivGet
                0x080032f0       0x78 ./gecko_sdk_4.4.2/platform/emlib/src/em_cmu.o
                0x080032f0                CMU_ClockDivGet
 .text.flashWaitStateControl
                0x08003368       0x58 ./gecko_sdk_4.4.2/platform/emlib/src/em_cmu.o
 .text.CMU_ClockEnable
                0x080033c0       0x50 ./gecko_sdk_4.4.2/platform/emlib/src/em_cmu.o
                0x080033c0                CMU_ClockEnable
 .text.CMU_ClockFreqGet
                0x08003410      0x204 ./gecko_sdk_4.4.2/platform/emlib/src/em_cmu.o
                0x08003410                CMU_ClockFreqGet
 .text.rhclkPrescOptimize
                0x08003614       0x20 ./gecko_sdk_4.4.2/platform/emlib/src/em_cmu.o
 .text.CMU_ClockSelectGet
                0x08003634      0x22c ./gecko_sdk_4.4.2/platform/emlib/src/em_cmu.o
                0x08003634                CMU_ClockSelectGet
 .text.sli_em_cmu_HFXOSetForceEnable
                0x08003860       0x1c ./gecko_sdk_4.4.2/platform/emlib/src/em_cmu.o
                0x08003860                sli_em_cmu_HFXOSetForceEnable
 .text.CMU_HFXOInit
                0x0800387c      0x224 ./gecko_sdk_4.4.2/platform/emlib/src/em_cmu.o
                0x0800387c                CMU_HFXOInit
 .text.CMU_HFXOCTuneDeltaGet
                0x08003aa0        0xc ./gecko_sdk_4.4.2/platform/emlib/src/em_cmu.o
                0x08003aa0                CMU_HFXOCTuneDeltaGet
 .text.CMU_LFXOInit
                0x08003aac       0xc4 ./gecko_sdk_4.4.2/platform/emlib/src/em_cmu.o
                0x08003aac                CMU_LFXOInit
 .text.CMU_LFXOPrecisionSet
                0x08003b70        0xc ./gecko_sdk_4.4.2/platform/emlib/src/em_cmu.o
                0x08003b70                CMU_LFXOPrecisionSet
 .text.CMU_HFXOPrecisionSet
                0x08003b7c        0xc ./gecko_sdk_4.4.2/platform/emlib/src/em_cmu.o
                0x08003b7c                CMU_HFXOPrecisionSet
 .text.CMU_ClockDivSet
                0x08003b88      0x12c ./gecko_sdk_4.4.2/platform/emlib/src/em_cmu.o
                0x08003b88                CMU_ClockDivSet
 .text.sli_em_cmu_SYSCLKInitPreClockSelect
                0x08003cb4       0x20 ./gecko_sdk_4.4.2/platform/emlib/src/em_cmu.o
                0x08003cb4                sli_em_cmu_SYSCLKInitPreClockSelect
 .text.pclkDivOptimize
                0x08003cd4       0x24 ./gecko_sdk_4.4.2/platform/emlib/src/em_cmu.o
 .text.EMU_DCDCSync
                0x08003cf8       0x10 ./gecko_sdk_4.4.2/platform/emlib/src/em_emu.o
 .text.EMU_EM4Init
                0x08003d08       0x14 ./gecko_sdk_4.4.2/platform/emlib/src/em_emu.o
                0x08003d08                EMU_EM4Init
 .text.EMU_VScaleEM01
                0x08003d1c       0xa8 ./gecko_sdk_4.4.2/platform/emlib/src/em_emu.o
                0x08003d1c                EMU_VScaleEM01
 .text.EMU_VScaleEM01ByClock
                0x08003dc4       0x30 ./gecko_sdk_4.4.2/platform/emlib/src/em_emu.o
                0x08003dc4                EMU_VScaleEM01ByClock
 .text.EMU_DCDCModeSet
                0x08003df4       0xac ./gecko_sdk_4.4.2/platform/emlib/src/em_emu.o
                0x08003df4                EMU_DCDCModeSet
 .text.EMU_DCDCInit
                0x08003ea0       0x70 ./gecko_sdk_4.4.2/platform/emlib/src/em_emu.o
                0x08003ea0                EMU_DCDCInit
 .text.EMU_DCDCSetPFMXModePeakCurrent
                0x08003f10       0x6c ./gecko_sdk_4.4.2/platform/emlib/src/em_emu.o
                0x08003f10                EMU_DCDCSetPFMXModePeakCurrent
 .text.EUSART_Reset
                0x08003f7c       0x54 ./gecko_sdk_4.4.2/platform/emlib/src/em_eusart.o
                0x08003f7c                EUSART_Reset
 .text.EUSART_Enable
                0x08003fd0       0x6c ./gecko_sdk_4.4.2/platform/emlib/src/em_eusart.o
                0x08003fd0                EUSART_Enable
 .text.EUSART_BaudrateSet
                0x0800403c      0x1cc ./gecko_sdk_4.4.2/platform/emlib/src/em_eusart.o
                0x0800403c                EUSART_BaudrateSet
 .text.EUSART_AsyncInitCommon
                0x08004208      0x23c ./gecko_sdk_4.4.2/platform/emlib/src/em_eusart.o
 .text.EUSART_UartInitHf
                0x08004444       0x5c ./gecko_sdk_4.4.2/platform/emlib/src/em_eusart.o
                0x08004444                EUSART_UartInitHf
 .text.EUSART_UartInitLf
                0x080044a0       0xb8 ./gecko_sdk_4.4.2/platform/emlib/src/em_eusart.o
                0x080044a0                EUSART_UartInitLf
 .text.GPIO_PinOutSet
                0x08004558       0x3c ./gecko_sdk_4.4.2/platform/emlib/src/em_gpio.o
 .text.GPIO_PinOutClear
                0x08004594       0x3c ./gecko_sdk_4.4.2/platform/emlib/src/em_gpio.o
 .text.GPIO_PinModeSet
                0x080045d0       0x94 ./gecko_sdk_4.4.2/platform/emlib/src/em_gpio.o
                0x080045d0                GPIO_PinModeSet
 .text.I2C_BusFreqSet
                0x08004664      0x108 ./gecko_sdk_4.4.2/platform/emlib/src/em_i2c.o
                0x08004664                I2C_BusFreqSet
 .text.I2C_Enable
                0x0800476c       0x38 ./gecko_sdk_4.4.2/platform/emlib/src/em_i2c.o
                0x0800476c                I2C_Enable
 .text.I2C_Init
                0x080047a4       0x64 ./gecko_sdk_4.4.2/platform/emlib/src/em_i2c.o
                0x080047a4                I2C_Init
 .text.I2C_Transfer
                0x08004808      0x224 ./gecko_sdk_4.4.2/platform/emlib/src/em_i2c.o
                0x08004808                I2C_Transfer
 .text.I2C_TransferInit
                0x08004a2c       0xbc ./gecko_sdk_4.4.2/platform/emlib/src/em_i2c.o
                0x08004a2c                I2C_TransferInit
 .text.LDMA_DeInit
                0x08004ae8       0x3c ./gecko_sdk_4.4.2/platform/emlib/src/em_ldma.o
                0x08004ae8                LDMA_DeInit
 .text.LDMA_EnableChannelRequest
                0x08004b24       0x40 ./gecko_sdk_4.4.2/platform/emlib/src/em_ldma.o
                0x08004b24                LDMA_EnableChannelRequest
 .text.LDMA_Init
                0x08004b64       0x94 ./gecko_sdk_4.4.2/platform/emlib/src/em_ldma.o
                0x08004b64                LDMA_Init
 .text.LDMA_StartTransfer
                0x08004bf8      0x104 ./gecko_sdk_4.4.2/platform/emlib/src/em_ldma.o
                0x08004bf8                LDMA_StartTransfer
 .text.LDMA_StopTransfer
                0x08004cfc       0x38 ./gecko_sdk_4.4.2/platform/emlib/src/em_ldma.o
                0x08004cfc                LDMA_StopTransfer
 .text.LDMA_TransferDone
                0x08004d34       0x44 ./gecko_sdk_4.4.2/platform/emlib/src/em_ldma.o
                0x08004d34                LDMA_TransferDone
 .text.USART_BaudrateSyncSet
                0x08004d78       0x48 ./gecko_sdk_4.4.2/platform/emlib/src/em_usart.o
                0x08004d78                USART_BaudrateSyncSet
 .text.USART_Reset
                0x08004dc0       0x58 ./gecko_sdk_4.4.2/platform/emlib/src/em_usart.o
                0x08004dc0                USART_Reset
 .text.USART_InitSync
                0x08004e18       0xb0 ./gecko_sdk_4.4.2/platform/emlib/src/em_usart.o
                0x08004e18                USART_InitSync
 .text.sl_hal_sysrtc_wait_sync
                0x08004ec8       0x14 ./gecko_sdk_4.4.2/platform/peripheral/src/peripheral_sysrtc.o
                0x08004ec8                sl_hal_sysrtc_wait_sync
 .text.sl_hal_sysrtc_wait_ready
                0x08004edc       0x1c ./gecko_sdk_4.4.2/platform/peripheral/src/peripheral_sysrtc.o
                0x08004edc                sl_hal_sysrtc_wait_ready
 .text.sl_hal_sysrtc_stop
                0x08004ef8       0x14 ./gecko_sdk_4.4.2/platform/peripheral/src/peripheral_sysrtc.o
                0x08004ef8                sl_hal_sysrtc_stop
 .text.sl_hal_sysrtc_enable
                0x08004f0c       0x18 ./gecko_sdk_4.4.2/platform/peripheral/src/peripheral_sysrtc.o
                0x08004f0c                sl_hal_sysrtc_enable
 .text.sl_hal_sysrtc_disable
                0x08004f24       0x1c ./gecko_sdk_4.4.2/platform/peripheral/src/peripheral_sysrtc.o
                0x08004f24                sl_hal_sysrtc_disable
 .text.sl_hal_sysrtc_init
                0x08004f40       0x20 ./gecko_sdk_4.4.2/platform/peripheral/src/peripheral_sysrtc.o
                0x08004f40                sl_hal_sysrtc_init
 .text.sl_hal_sysrtc_init_group
                0x08004f60       0x48 ./gecko_sdk_4.4.2/platform/peripheral/src/peripheral_sysrtc.o
                0x08004f60                sl_hal_sysrtc_init_group
 .text.sl_hal_sysrtc_enable_group_interrupts
                0x08004fa8       0x1c ./gecko_sdk_4.4.2/platform/peripheral/src/peripheral_sysrtc.o
                0x08004fa8                sl_hal_sysrtc_enable_group_interrupts
 .text.sl_hal_sysrtc_disable_group_interrupts
                0x08004fc4       0x1c ./gecko_sdk_4.4.2/platform/peripheral/src/peripheral_sysrtc.o
                0x08004fc4                sl_hal_sysrtc_disable_group_interrupts
 .text.sl_hal_sysrtc_clear_group_interrupts
                0x08004fe0       0x1c ./gecko_sdk_4.4.2/platform/peripheral/src/peripheral_sysrtc.o
                0x08004fe0                sl_hal_sysrtc_clear_group_interrupts
 .text.sl_hal_sysrtc_get_group_interrupts
                0x08004ffc       0x20 ./gecko_sdk_4.4.2/platform/peripheral/src/peripheral_sysrtc.o
                0x08004ffc                sl_hal_sysrtc_get_group_interrupts
 .text.sl_hal_sysrtc_get_group_compare_channel_value
                0x0800501c       0x30 ./gecko_sdk_4.4.2/platform/peripheral/src/peripheral_sysrtc.o
                0x0800501c                sl_hal_sysrtc_get_group_compare_channel_value
 .text.sl_hal_sysrtc_set_group_compare_channel_value
                0x0800504c       0x28 ./gecko_sdk_4.4.2/platform/peripheral/src/peripheral_sysrtc.o
                0x0800504c                sl_hal_sysrtc_set_group_compare_channel_value
 .text.sl_device_init_dcdc
                0x08005074       0x2c ./gecko_sdk_4.4.2/platform/service/device_init/src/sl_device_init_dcdc_s2.o
                0x08005074                sl_device_init_dcdc
 .text.sl_device_init_emu
                0x080050a0       0x24 ./gecko_sdk_4.4.2/platform/service/device_init/src/sl_device_init_emu_s2.o
                0x080050a0                sl_device_init_emu
 .text.sl_device_init_hfxo
                0x080050c4       0x70 ./gecko_sdk_4.4.2/platform/service/device_init/src/sl_device_init_hfxo_s2.o
                0x080050c4                sl_device_init_hfxo
 .text.sl_device_init_lfxo
                0x08005134       0x2c ./gecko_sdk_4.4.2/platform/service/device_init/src/sl_device_init_lfxo_s2.o
                0x08005134                sl_device_init_lfxo
 .text.sl_device_init_nvic
                0x08005160       0x3c ./gecko_sdk_4.4.2/platform/service/device_init/src/sl_device_init_nvic.o
                0x08005160                sl_device_init_nvic
 .text.sl_iostream_set_default
                0x0800519c       0x18 ./gecko_sdk_4.4.2/platform/service/iostream/src/sl_iostream.o
                0x0800519c                sl_iostream_set_default
 .text.sl_iostream_get_default
                0x080051b4       0x18 ./gecko_sdk_4.4.2/platform/service/iostream/src/sl_iostream.o
                0x080051b4                sl_iostream_get_default
 .text.sl_iostream_eusart_init
                0x080051cc      0x228 ./gecko_sdk_4.4.2/platform/service/iostream/src/sl_iostream_eusart.o
                0x080051cc                sl_iostream_eusart_init
 .text._write   0x080053f4       0x20 ./gecko_sdk_4.4.2/platform/service/iostream/src/sl_iostream_retarget_stdio.o
                0x080053f4                _write
 .text.sl_iostream_stdlib_disable_buffering
                0x08005414       0x14 ./gecko_sdk_4.4.2/platform/service/iostream/src/sl_iostream_stdlib_config.o
                0x08005414                sl_iostream_stdlib_disable_buffering
 .text.get_write_ptr
                0x08005428       0x40 ./gecko_sdk_4.4.2/platform/service/iostream/src/sl_iostream_uart.o
 .text.dma_irq_handler
                0x08005468       0x74 ./gecko_sdk_4.4.2/platform/service/iostream/src/sl_iostream_uart.o
 .text.uart_read
                0x080054dc      0x1f4 ./gecko_sdk_4.4.2/platform/service/iostream/src/sl_iostream_uart.o
 .text.uart_deinit
                0x080056d0       0x98 ./gecko_sdk_4.4.2/platform/service/iostream/src/sl_iostream_uart.o
 .text.uart_write
                0x08005768       0xc0 ./gecko_sdk_4.4.2/platform/service/iostream/src/sl_iostream_uart.o
 .text.sli_iostream_uart_context_init
                0x08005828       0xf8 ./gecko_sdk_4.4.2/platform/service/iostream/src/sl_iostream_uart.o
                0x08005828                sli_iostream_uart_context_init
 .text.delta_list_insert_timer
                0x08005920       0x40 ./gecko_sdk_4.4.2/platform/service/sleeptimer/src/sl_sleeptimer.o
 .text.update_delta_list
                0x08005960       0x34 ./gecko_sdk_4.4.2/platform/service/sleeptimer/src/sl_sleeptimer.o
 .text.set_comparator_for_next_timer
                0x08005994       0x5c ./gecko_sdk_4.4.2/platform/service/sleeptimer/src/sl_sleeptimer.o
 .text.create_timer
                0x080059f0       0x88 ./gecko_sdk_4.4.2/platform/service/sleeptimer/src/sl_sleeptimer.o
 .text.delta_list_remove_timer
                0x08005a78       0x38 ./gecko_sdk_4.4.2/platform/service/sleeptimer/src/sl_sleeptimer.o
 .text.sl_sleeptimer_init
                0x08005ab0       0x74 ./gecko_sdk_4.4.2/platform/service/sleeptimer/src/sl_sleeptimer.o
                0x08005ab0                sl_sleeptimer_init
 .text.sl_sleeptimer_stop_timer
                0x08005b24       0x60 ./gecko_sdk_4.4.2/platform/service/sleeptimer/src/sl_sleeptimer.o
                0x08005b24                sl_sleeptimer_stop_timer
 .text.sl_sleeptimer_is_timer_running
                0x08005b84       0x3c ./gecko_sdk_4.4.2/platform/service/sleeptimer/src/sl_sleeptimer.o
                0x08005b84                sl_sleeptimer_is_timer_running
 .text.sl_sleeptimer_ms_to_tick
                0x08005bc0       0x24 ./gecko_sdk_4.4.2/platform/service/sleeptimer/src/sl_sleeptimer.o
                0x08005bc0                sl_sleeptimer_ms_to_tick
 .text.sl_sleeptimer_delay_millisecond
                0x08005be4       0x38 ./gecko_sdk_4.4.2/platform/service/sleeptimer/src/sl_sleeptimer.o
                0x08005be4                sl_sleeptimer_delay_millisecond
 .text.sl_sleeptimer_ms32_to_tick
                0x08005c1c       0x3c ./gecko_sdk_4.4.2/platform/service/sleeptimer/src/sl_sleeptimer.o
                0x08005c1c                sl_sleeptimer_ms32_to_tick
 .text.process_timer_irq
                0x08005c58      0x150 ./gecko_sdk_4.4.2/platform/service/sleeptimer/src/sl_sleeptimer.o
                0x08005c58                process_timer_irq
 .text.sleeptimer_hal_init_timer
                0x08005da8       0x64 ./gecko_sdk_4.4.2/platform/service/sleeptimer/src/sl_sleeptimer_hal_sysrtc.o
                0x08005da8                sleeptimer_hal_init_timer
 .text.sleeptimer_hal_get_counter
                0x08005e0c       0x10 ./gecko_sdk_4.4.2/platform/service/sleeptimer/src/sl_sleeptimer_hal_sysrtc.o
                0x08005e0c                sleeptimer_hal_get_counter
 .text.sleeptimer_hal_set_compare
                0x08005e1c       0x70 ./gecko_sdk_4.4.2/platform/service/sleeptimer/src/sl_sleeptimer_hal_sysrtc.o
                0x08005e1c                sleeptimer_hal_set_compare
 .text.sleeptimer_hal_disable_int
                0x08005e8c       0x2c ./gecko_sdk_4.4.2/platform/service/sleeptimer/src/sl_sleeptimer_hal_sysrtc.o
                0x08005e8c                sleeptimer_hal_disable_int
 .text.sleeptimer_hal_set_int
                0x08005eb8       0x10 ./gecko_sdk_4.4.2/platform/service/sleeptimer/src/sl_sleeptimer_hal_sysrtc.o
                0x08005eb8                sleeptimer_hal_set_int
 .text.sl_udelay_wait
                0x08005ec8       0x58 ./gecko_sdk_4.4.2/platform/service/udelay/src/sl_udelay.o
                0x08005ec8                sl_udelay_wait
 .text.mlx90640_init
                0x08005f20       0x68 ./mlx90640/mlx90640.o
                0x08005f20                mlx90640_init
 .text.mlx90640_I2C_Init
                0x08005f88       0x18 ./mlx90640/mlx90640_i2c.o
                0x08005f88                mlx90640_I2C_Init
 .text.mlx90640_I2CGeneralReset
                0x08005fa0       0x44 ./mlx90640/mlx90640_i2c.o
                0x08005fa0                mlx90640_I2CGeneralReset
 .text.mlx90640_I2CRead
                0x08005fe4       0x94 ./mlx90640/mlx90640_i2c.o
                0x08005fe4                mlx90640_I2CRead
 .text.mlx90640_I2CWrite
                0x08006078       0x68 ./mlx90640/mlx90640_i2c.o
                0x08006078                mlx90640_I2CWrite
 .text          0x080060e0      0x378 c:/siliconlabs/simplicitystudio/v5/developer/toolchains/gnu_arm/12.2.rel1_2023.7/bin/../lib/gcc/arm-none-eabi/12.2.1/thumb/v8-m.main+fp/hard\libgcc.a(_arm_addsubdf3.o)
                0x080060e0                __aeabi_drsub
                0x080060e8                __aeabi_dsub
                0x080060e8                __subdf3
                0x080060ec                __aeabi_dadd
                0x080060ec                __adddf3
                0x08006364                __floatunsidf
                0x08006364                __aeabi_ui2d
                0x08006384                __floatsidf
                0x08006384                __aeabi_i2d
                0x080063a8                __aeabi_f2d
                0x080063a8                __extendsfdf2
                0x080063ec                __floatundidf
                0x080063ec                __aeabi_ul2d
                0x080063fc                __floatdidf
                0x080063fc                __aeabi_l2d
 .text          0x08006458      0x424 c:/siliconlabs/simplicitystudio/v5/developer/toolchains/gnu_arm/12.2.rel1_2023.7/bin/../lib/gcc/arm-none-eabi/12.2.1/thumb/v8-m.main+fp/hard\libgcc.a(_arm_muldivdf3.o)
                0x08006458                __aeabi_dmul
                0x08006458                __muldf3
                0x080066ac                __divdf3
                0x080066ac                __aeabi_ddiv
 .text          0x0800687c      0x110 c:/siliconlabs/simplicitystudio/v5/developer/toolchains/gnu_arm/12.2.rel1_2023.7/bin/../lib/gcc/arm-none-eabi/12.2.1/thumb/v8-m.main+fp/hard\libgcc.a(_arm_cmpdf2.o)
                0x0800687c                __gtdf2
                0x0800687c                __gedf2
                0x08006884                __ltdf2
                0x08006884                __ledf2
                0x0800688c                __nedf2
                0x0800688c                __eqdf2
                0x0800688c                __cmpdf2
                0x08006908                __aeabi_cdrcmple
                0x08006918                __aeabi_cdcmpeq
                0x08006918                __aeabi_cdcmple
                0x08006928                __aeabi_dcmpeq
                0x0800693c                __aeabi_dcmplt
                0x08006950                __aeabi_dcmple
                0x08006964                __aeabi_dcmpge
                0x08006978                __aeabi_dcmpgt
 .text          0x0800698c       0x50 c:/siliconlabs/simplicitystudio/v5/developer/toolchains/gnu_arm/12.2.rel1_2023.7/bin/../lib/gcc/arm-none-eabi/12.2.1/thumb/v8-m.main+fp/hard\libgcc.a(_arm_fixdfsi.o)
                0x0800698c                __aeabi_d2iz
                0x0800698c                __fixdfsi
 .text          0x080069dc       0x40 c:/siliconlabs/simplicitystudio/v5/developer/toolchains/gnu_arm/12.2.rel1_2023.7/bin/../lib/gcc/arm-none-eabi/12.2.1/thumb/v8-m.main+fp/hard\libgcc.a(_arm_fixunsdfsi.o)
                0x080069dc                __aeabi_d2uiz
                0x080069dc                __fixunsdfsi
 .text          0x08006a1c       0xa0 c:/siliconlabs/simplicitystudio/v5/developer/toolchains/gnu_arm/12.2.rel1_2023.7/bin/../lib/gcc/arm-none-eabi/12.2.1/thumb/v8-m.main+fp/hard\libgcc.a(_arm_truncdfsf2.o)
                0x08006a1c                __truncdfsf2
                0x08006a1c                __aeabi_d2f
 .text          0x08006abc       0x30 c:/siliconlabs/simplicitystudio/v5/developer/toolchains/gnu_arm/12.2.rel1_2023.7/bin/../lib/gcc/arm-none-eabi/12.2.1/thumb/v8-m.main+fp/hard\libgcc.a(_aeabi_uldivmod.o)
                0x08006abc                __aeabi_uldivmod
 .text.__udivmoddi4
                0x08006aec      0x2ec c:/siliconlabs/simplicitystudio/v5/developer/toolchains/gnu_arm/12.2.rel1_2023.7/bin/../lib/gcc/arm-none-eabi/12.2.1/thumb/v8-m.main+fp/hard\libgcc.a(_udivmoddi4.o)
                0x08006aec                __udivmoddi4
 .text          0x08006dd8        0x4 c:/siliconlabs/simplicitystudio/v5/developer/toolchains/gnu_arm/12.2.rel1_2023.7/bin/../lib/gcc/arm-none-eabi/12.2.1/thumb/v8-m.main+fp/hard\libgcc.a(_dvmd_tls.o)
                0x08006dd8                __aeabi_idiv0
                0x08006dd8                __aeabi_ldiv0
 .text.exit     0x08006ddc       0x24 c:/siliconlabs/simplicitystudio/v5/developer/toolchains/gnu_arm/12.2.rel1_2023.7/bin/../lib/gcc/arm-none-eabi/12.2.1/thumb/v8-m.main+fp/hard\libc_nano.a(libc_a-exit.o)
                0x08006ddc                exit
 .text.malloc   0x08006e00       0x10 c:/siliconlabs/simplicitystudio/v5/developer/toolchains/gnu_arm/12.2.rel1_2023.7/bin/../lib/gcc/arm-none-eabi/12.2.1/thumb/v8-m.main+fp/hard\libc_nano.a(libc_a-malloc.o)
                0x08006e00                malloc
 .text.free     0x08006e10       0x10 c:/siliconlabs/simplicitystudio/v5/developer/toolchains/gnu_arm/12.2.rel1_2023.7/bin/../lib/gcc/arm-none-eabi/12.2.1/thumb/v8-m.main+fp/hard\libc_nano.a(libc_a-malloc.o)
                0x08006e10                free
 .text.sbrk_aligned
                0x08006e20       0x44 c:/siliconlabs/simplicitystudio/v5/developer/toolchains/gnu_arm/12.2.rel1_2023.7/bin/../lib/gcc/arm-none-eabi/12.2.1/thumb/v8-m.main+fp/hard\libc_nano.a(libc_a-mallocr.o)
 .text._malloc_r
                0x08006e64       0xf0 c:/siliconlabs/simplicitystudio/v5/developer/toolchains/gnu_arm/12.2.rel1_2023.7/bin/../lib/gcc/arm-none-eabi/12.2.1/thumb/v8-m.main+fp/hard\libc_nano.a(libc_a-mallocr.o)
                0x08006e64                _malloc_r
 .text.__malloc_lock
                0x08006f54        0xc c:/siliconlabs/simplicitystudio/v5/developer/toolchains/gnu_arm/12.2.rel1_2023.7/bin/../lib/gcc/arm-none-eabi/12.2.1/thumb/v8-m.main+fp/hard\libc_nano.a(libc_a-mlock.o)
                0x08006f54                __malloc_lock
 .text.__malloc_unlock
                0x08006f60        0xc c:/siliconlabs/simplicitystudio/v5/developer/toolchains/gnu_arm/12.2.rel1_2023.7/bin/../lib/gcc/arm-none-eabi/12.2.1/thumb/v8-m.main+fp/hard\libc_nano.a(libc_a-mlock.o)
                0x08006f60                __malloc_unlock
 .text.std      0x08006f6c       0x6c c:/siliconlabs/simplicitystudio/v5/developer/toolchains/gnu_arm/12.2.rel1_2023.7/bin/../lib/gcc/arm-none-eabi/12.2.1/thumb/v8-m.main+fp/hard\libc_nano.a(libc_a-findfp.o)
 .text.stdio_exit_handler
                0x08006fd8       0x18 c:/siliconlabs/simplicitystudio/v5/developer/toolchains/gnu_arm/12.2.rel1_2023.7/bin/../lib/gcc/arm-none-eabi/12.2.1/thumb/v8-m.main+fp/hard\libc_nano.a(libc_a-findfp.o)
 .text.cleanup_stdio
                0x08006ff0       0x40 c:/siliconlabs/simplicitystudio/v5/developer/toolchains/gnu_arm/12.2.rel1_2023.7/bin/../lib/gcc/arm-none-eabi/12.2.1/thumb/v8-m.main+fp/hard\libc_nano.a(libc_a-findfp.o)
 .text.global_stdio_init.part.0
                0x08007030       0x3c c:/siliconlabs/simplicitystudio/v5/developer/toolchains/gnu_arm/12.2.rel1_2023.7/bin/../lib/gcc/arm-none-eabi/12.2.1/thumb/v8-m.main+fp/hard\libc_nano.a(libc_a-findfp.o)
 .text.__sfp_lock_acquire
                0x0800706c        0xc c:/siliconlabs/simplicitystudio/v5/developer/toolchains/gnu_arm/12.2.rel1_2023.7/bin/../lib/gcc/arm-none-eabi/12.2.1/thumb/v8-m.main+fp/hard\libc_nano.a(libc_a-findfp.o)
                0x0800706c                __sfp_lock_acquire
 .text.__sfp_lock_release
                0x08007078        0xc c:/siliconlabs/simplicitystudio/v5/developer/toolchains/gnu_arm/12.2.rel1_2023.7/bin/../lib/gcc/arm-none-eabi/12.2.1/thumb/v8-m.main+fp/hard\libc_nano.a(libc_a-findfp.o)
                0x08007078                __sfp_lock_release
 .text.__sinit  0x08007084       0x30 c:/siliconlabs/simplicitystudio/v5/developer/toolchains/gnu_arm/12.2.rel1_2023.7/bin/../lib/gcc/arm-none-eabi/12.2.1/thumb/v8-m.main+fp/hard\libc_nano.a(libc_a-findfp.o)
                0x08007084                __sinit
 .text.printf   0x080070b4       0x24 c:/siliconlabs/simplicitystudio/v5/developer/toolchains/gnu_arm/12.2.rel1_2023.7/bin/../lib/gcc/arm-none-eabi/12.2.1/thumb/v8-m.main+fp/hard\libc_nano.a(libc_a-printf.o)
                0x080070b4                iprintf
                0x080070b4                printf
 .text.setvbuf  0x080070d8      0x168 c:/siliconlabs/simplicitystudio/v5/developer/toolchains/gnu_arm/12.2.rel1_2023.7/bin/../lib/gcc/arm-none-eabi/12.2.1/thumb/v8-m.main+fp/hard\libc_nano.a(libc_a-setvbuf.o)
                0x080070d8                setvbuf
 .text.vprintf  0x08007240       0x14 c:/siliconlabs/simplicitystudio/v5/developer/toolchains/gnu_arm/12.2.rel1_2023.7/bin/../lib/gcc/arm-none-eabi/12.2.1/thumb/v8-m.main+fp/hard\libc_nano.a(libc_a-vprintf.o)
                0x08007240                viprintf
                0x08007240                vprintf
 .text._close_r
                0x08007254       0x20 c:/siliconlabs/simplicitystudio/v5/developer/toolchains/gnu_arm/12.2.rel1_2023.7/bin/../lib/gcc/arm-none-eabi/12.2.1/thumb/v8-m.main+fp/hard\libc_nano.a(libc_a-closer.o)
                0x08007254                _close_r
 .text._lseek_r
                0x08007274       0x24 c:/siliconlabs/simplicitystudio/v5/developer/toolchains/gnu_arm/12.2.rel1_2023.7/bin/../lib/gcc/arm-none-eabi/12.2.1/thumb/v8-m.main+fp/hard\libc_nano.a(libc_a-lseekr.o)
                0x08007274                _lseek_r
 .text._read_r  0x08007298       0x24 c:/siliconlabs/simplicitystudio/v5/developer/toolchains/gnu_arm/12.2.rel1_2023.7/bin/../lib/gcc/arm-none-eabi/12.2.1/thumb/v8-m.main+fp/hard\libc_nano.a(libc_a-readr.o)
                0x08007298                _read_r
 .text._sbrk_r  0x080072bc       0x20 c:/siliconlabs/simplicitystudio/v5/developer/toolchains/gnu_arm/12.2.rel1_2023.7/bin/../lib/gcc/arm-none-eabi/12.2.1/thumb/v8-m.main+fp/hard\libc_nano.a(libc_a-sbrkr.o)
                0x080072bc                _sbrk_r
 .text._write_r
                0x080072dc       0x24 c:/siliconlabs/simplicitystudio/v5/developer/toolchains/gnu_arm/12.2.rel1_2023.7/bin/../lib/gcc/arm-none-eabi/12.2.1/thumb/v8-m.main+fp/hard\libc_nano.a(libc_a-writer.o)
                0x080072dc                _write_r
 .text.__libc_init_array
                0x08007300       0x48 c:/siliconlabs/simplicitystudio/v5/developer/toolchains/gnu_arm/12.2.rel1_2023.7/bin/../lib/gcc/arm-none-eabi/12.2.1/thumb/v8-m.main+fp/hard\libc_nano.a(libc_a-init.o)
                0x08007300                __libc_init_array
 .text._free_r  0x08007348       0x94 c:/siliconlabs/simplicitystudio/v5/developer/toolchains/gnu_arm/12.2.rel1_2023.7/bin/../lib/gcc/arm-none-eabi/12.2.1/thumb/v8-m.main+fp/hard\libc_nano.a(libc_a-freer.o)
                0x08007348                _free_r
 .text._vfprintf_r
                0x080073dc      0x230 c:/siliconlabs/simplicitystudio/v5/developer/toolchains/gnu_arm/12.2.rel1_2023.7/bin/../lib/gcc/arm-none-eabi/12.2.1/thumb/v8-m.main+fp/hard\libc_nano.a(libc_a-nano-vfprintf.o)
                0x080073dc                _vfprintf_r
                0x080073dc                _vfiprintf_r
 .text._printf_i
                0x0800760c      0x258 c:/siliconlabs/simplicitystudio/v5/developer/toolchains/gnu_arm/12.2.rel1_2023.7/bin/../lib/gcc/arm-none-eabi/12.2.1/thumb/v8-m.main+fp/hard\libc_nano.a(libc_a-nano-vfprintf_i.o)
                0x0800760c                _printf_i
 .text.__swsetup_r
                0x08007864       0xac c:/siliconlabs/simplicitystudio/v5/developer/toolchains/gnu_arm/12.2.rel1_2023.7/bin/../lib/gcc/arm-none-eabi/12.2.1/thumb/v8-m.main+fp/hard\libc_nano.a(libc_a-wsetup.o)
                0x08007864                __swsetup_r
 .text._fstat_r
                0x08007910       0x24 c:/siliconlabs/simplicitystudio/v5/developer/toolchains/gnu_arm/12.2.rel1_2023.7/bin/../lib/gcc/arm-none-eabi/12.2.1/thumb/v8-m.main+fp/hard\libc_nano.a(libc_a-fstatr.o)
                0x08007910                _fstat_r
 .text._isatty_r
                0x08007934       0x20 c:/siliconlabs/simplicitystudio/v5/developer/toolchains/gnu_arm/12.2.rel1_2023.7/bin/../lib/gcc/arm-none-eabi/12.2.1/thumb/v8-m.main+fp/hard\libc_nano.a(libc_a-isattyr.o)
                0x08007934                _isatty_r
 .text.fabs     0x08007954       0x10 c:/siliconlabs/simplicitystudio/v5/developer/toolchains/gnu_arm/12.2.rel1_2023.7/bin/../lib/gcc/arm-none-eabi/12.2.1/thumb/v8-m.main+fp/hard\libm.a(libm_a-s_fabs.o)
                0x08007954                fabs
 .text.finite   0x08007964       0x1c c:/siliconlabs/simplicitystudio/v5/developer/toolchains/gnu_arm/12.2.rel1_2023.7/bin/../lib/gcc/arm-none-eabi/12.2.1/thumb/v8-m.main+fp/hard\libm.a(libm_a-s_finite.o)
                0x08007964                finite
 .text.with_errno
                0x08007980       0x24 c:/siliconlabs/simplicitystudio/v5/developer/toolchains/gnu_arm/12.2.rel1_2023.7/bin/../lib/gcc/arm-none-eabi/12.2.1/thumb/v8-m.main+fp/hard\libm.a(libm_a-math_err.o)
 .text.xflow    0x080079a4       0x38 c:/siliconlabs/simplicitystudio/v5/developer/toolchains/gnu_arm/12.2.rel1_2023.7/bin/../lib/gcc/arm-none-eabi/12.2.1/thumb/v8-m.main+fp/hard\libm.a(libm_a-math_err.o)
 .text.__ieee754_sqrt
                0x080079dc      0x1f4 c:/siliconlabs/simplicitystudio/v5/developer/toolchains/gnu_arm/12.2.rel1_2023.7/bin/../lib/gcc/arm-none-eabi/12.2.1/thumb/v8-m.main+fp/hard\libm.a(libm_a-e_sqrt.o)
                0x080079dc                __ieee754_sqrt
 .text          0x08007bd0       0x2c c:/siliconlabs/simplicitystudio/v5/developer/toolchains/gnu_arm/12.2.rel1_2023.7/bin/../lib/gcc/arm-none-eabi/12.2.1/thumb/v8-m.main+fp/hard\libgcc.a(_arm_unorddf2.o)
                0x08007bd0                __unorddf2
                0x08007bd0                __aeabi_dcmpun
 .text.__errno  0x08007bfc        0xc c:/siliconlabs/simplicitystudio/v5/developer/toolchains/gnu_arm/12.2.rel1_2023.7/bin/../lib/gcc/arm-none-eabi/12.2.1/thumb/v8-m.main+fp/hard\libc_nano.a(libc_a-errno.o)
                0x08007bfc                __errno
 .text.app_process_action
                0x08007c08        0x2 ./app.o
                0x08007c08                app_process_action
 .text.startup.main
                0x08007c0a       0x14 ./main.o
                0x08007c0a                main
 .text.sl_board_default_init
                0x08007c1e        0x2 ./autogen/sl_board_default_init.o
                0x08007c1e                sl_board_default_init
 .text.sl_platform_init
                0x08007c20       0x26 ./autogen/sl_event_handler.o
                0x08007c20                sl_platform_init
 .text.sl_driver_init
                0x08007c46       0x12 ./autogen/sl_event_handler.o
                0x08007c46                sl_driver_init
 .text.sl_service_init
                0x08007c58       0x16 ./autogen/sl_event_handler.o
                0x08007c58                sl_service_init
 .text.sl_stack_init
                0x08007c6e        0x2 ./autogen/sl_event_handler.o
                0x08007c6e                sl_stack_init
 .text.sl_internal_app_init
                0x08007c70        0x4 ./autogen/sl_event_handler.o
                0x08007c70                sl_internal_app_init
 .text.sl_platform_process_action
                0x08007c74        0x2 ./autogen/sl_event_handler.o
                0x08007c74                sl_platform_process_action
 .text.sl_service_process_action
                0x08007c76        0x2 ./autogen/sl_event_handler.o
                0x08007c76                sl_service_process_action
 .text.sl_stack_process_action
                0x08007c78        0x2 ./autogen/sl_event_handler.o
                0x08007c78                sl_stack_process_action
 .text.sl_internal_app_process_action
                0x08007c7a        0x2 ./autogen/sl_event_handler.o
                0x08007c7a                sl_internal_app_process_action
 .text.sl_iostream_eusart_init_instances
                0x08007c7c        0x4 ./autogen/sl_iostream_init_eusart_instances.o
                0x08007c7c                sl_iostream_eusart_init_instances
 .text.EUSART0_TX_IRQHandler
                0x08007c80        0x4 ./autogen/sl_iostream_init_eusart_instances.o
                0x08007c80                EUSART0_TX_IRQHandler
 .text._app_log_time
                0x08007c84        0x2 ./gecko_sdk_4.4.2/app/common/util/app_log/app_log.o
                0x08007c84                _app_log_time
 .text._app_log_counter
                0x08007c86        0x2 ./gecko_sdk_4.4.2/app/common/util/app_log/app_log.o
                0x08007c86                _app_log_counter
 .text.sl_board_configure_vcom
                0x08007c88        0x4 ./gecko_sdk_4.4.2/hardware/board/src/sl_board_control_gpio.o
                0x08007c88                sl_board_configure_vcom
 .text.sl_board_init
                0x08007c8c       0x16 ./gecko_sdk_4.4.2/hardware/board/src/sl_board_init.o
                0x08007c8c                sl_board_init
 .text.sl_board_preinit
                0x08007ca2        0x8 ./gecko_sdk_4.4.2/hardware/board/src/sl_board_init.o
                0x08007ca2                sl_board_preinit
 .text.sli_cos_swo_itm_8_write.constprop.0.isra.0
                0x08007caa       0x78 ./gecko_sdk_4.4.2/hardware/driver/configuration_over_swo/src/sl_cos.o
 .text.sl_cos_send_config
                0x08007d22       0x12 ./gecko_sdk_4.4.2/hardware/driver/configuration_over_swo/src/sl_cos.o
                0x08007d22                sl_cos_send_config
 .text.sl_cos_config_vcom
                0x08007d34       0x1e ./gecko_sdk_4.4.2/hardware/driver/configuration_over_swo/src/sl_cos.o
                0x08007d34                sl_cos_config_vcom
 .text.Default_Handler
                0x08007d52        0x2 ./gecko_sdk_4.4.2/platform/Device/SiliconLabs/EFR32MG24/Source/startup_efr32mg24.o
                0x08007d52                ULFRCO_IRQHandler
                0x08007d52                AHB2AHB1_IRQHandler
                0x08007d52                SW2_IRQHandler
                0x08007d52                TIMER2_IRQHandler
                0x08007d52                DebugMon_Handler
                0x08007d52                USART0_TX_IRQHandler
                0x08007d52                IADC_IRQHandler
                0x08007d52                I2C0_IRQHandler
                0x08007d52                LFXO_IRQHandler
                0x08007d52                HardFault_Handler
                0x08007d52                SMU_SECURE_IRQHandler
                0x08007d52                SysTick_Handler
                0x08007d52                SYSRTC_SEQ_IRQHandler
                0x08007d52                EMUEFP_IRQHandler
                0x08007d52                PendSV_Handler
                0x08007d52                NMI_Handler
                0x08007d52                SYNTH_IRQHandler
                0x08007d52                HOSTMAILBOX_IRQHandler
                0x08007d52                HFXO0_IRQHandler
                0x08007d52                I2C1_IRQHandler
                0x08007d52                WDOG0_IRQHandler
                0x08007d52                TIMER3_IRQHandler
                0x08007d52                SYSCFG_IRQHandler
                0x08007d52                RFECA1_IRQHandler
                0x08007d52                EMUDG_IRQHandler
                0x08007d52                MSC_IRQHandler
                0x08007d52                DPLL0_IRQHandler
                0x08007d52                UsageFault_Handler
                0x08007d52                WDOG1_IRQHandler
                0x08007d52                M33CTI1_IRQHandler
                0x08007d52                TIMER4_IRQHandler
                0x08007d52                GPIO_EVEN_IRQHandler
                0x08007d52                VDAC0_IRQHandler
                0x08007d52                SEMBTX_IRQHandler
                0x08007d52                SW0_IRQHandler
                0x08007d52                TIMER0_IRQHandler
                0x08007d52                MVP_IRQHandler
                0x08007d52                LETIMER0_IRQHandler
                0x08007d52                EUSART1_RX_IRQHandler
                0x08007d52                TIMER1_IRQHandler
                0x08007d52                HFRCO0_IRQHandler
                0x08007d52                SecureFault_Handler
                0x08007d52                BUFC_IRQHandler
                0x08007d52                DCDC_IRQHandler
                0x08007d52                MODEM_IRQHandler
                0x08007d52                Default_Handler
                0x08007d52                RAC_SEQ_IRQHandler
                0x08007d52                FRC_PRI_IRQHandler
                0x08007d52                EMU_IRQHandler
                0x08007d52                SW3_IRQHandler
                0x08007d52                KERNEL0_IRQHandler
                0x08007d52                FRC_IRQHandler
                0x08007d52                PCNT0_IRQHandler
                0x08007d52                KERNEL1_IRQHandler
                0x08007d52                AGC_IRQHandler
                0x08007d52                EUSART1_TX_IRQHandler
                0x08007d52                KEYSCAN_IRQHandler
                0x08007d52                sl_app_properties
                0x08007d52                HFRCOEM23_IRQHandler
                0x08007d52                BURTC_IRQHandler
                0x08007d52                SEMBRX_IRQHandler
                0x08007d52                RFECA0_IRQHandler
                0x08007d52                LFRCO_IRQHandler
                0x08007d52                VDAC1_IRQHandler
                0x08007d52                ACMP0_IRQHandler
                0x08007d52                USART0_RX_IRQHandler
                0x08007d52                MemManage_Handler
                0x08007d52                AHB2AHB0_IRQHandler
                0x08007d52                SVC_Handler
                0x08007d52                SMU_S_PRIVILEGED_IRQHandler
                0x08007d52                SW1_IRQHandler
                0x08007d52                CMU_IRQHandler
                0x08007d52                RAC_RSM_IRQHandler
                0x08007d52                SETAMPERHOST_IRQHandler
                0x08007d52                GPIO_ODD_IRQHandler
                0x08007d52                AES_IRQHandler
                0x08007d52                M33CTI0_IRQHandler
                0x08007d52                ICACHE0_IRQHandler
                0x08007d52                SMU_NS_PRIVILEGED_IRQHandler
                0x08007d52                FPUEXH_IRQHandler
                0x08007d52                PROTIMER_IRQHandler
                0x08007d52                ACMP1_IRQHandler
                0x08007d52                BusFault_Handler
                0x08007d52                MPAHBRAM_IRQHandler
 .text.FlashToRamCopy
                0x08007d54       0x16 ./gecko_sdk_4.4.2/platform/Device/SiliconLabs/EFR32MG24/Source/system_efr32mg24.o
                0x08007d54                FlashToRamCopy
 .text.SystemCLKIN0Get
                0x08007d6a        0x4 ./gecko_sdk_4.4.2/platform/Device/SiliconLabs/EFR32MG24/Source/system_efr32mg24.o
                0x08007d6a                SystemCLKIN0Get
 .text.SystemLFRCOClockGet
                0x08007d6e        0x6 ./gecko_sdk_4.4.2/platform/Device/SiliconLabs/EFR32MG24/Source/system_efr32mg24.o
                0x08007d6e                SystemLFRCOClockGet
 .text.SystemULFRCOClockGet
                0x08007d74        0x6 ./gecko_sdk_4.4.2/platform/Device/SiliconLabs/EFR32MG24/Source/system_efr32mg24.o
                0x08007d74                SystemULFRCOClockGet
 .text.assertEFM
                0x08007d7a        0x2 ./gecko_sdk_4.4.2/platform/common/src/sl_assert.o
                0x08007d7a                assertEFM
 .text.sl_debug_swo_enable_itm
                0x08007d7c       0x16 ./gecko_sdk_4.4.2/platform/driver/debug/src/sl_debug_swo.o
                0x08007d7c                sl_debug_swo_enable_itm
 .text.sl_debug_swo_disable_itm
                0x08007d92       0x18 ./gecko_sdk_4.4.2/platform/driver/debug/src/sl_debug_swo.o
                0x08007d92                sl_debug_swo_disable_itm
 .text.DMADRV_PeripheralMemory
                0x08007daa       0x34 ./gecko_sdk_4.4.2/platform/emdrv/dmadrv/src/dmadrv.o
                0x08007daa                DMADRV_PeripheralMemory
 .text.BUS_RegMaskedWrite
                0x08007dde       0x1e ./gecko_sdk_4.4.2/platform/emlib/src/em_cmu.o
 .text.waitStateMax
                0x08007dfc       0x10 ./gecko_sdk_4.4.2/platform/emlib/src/em_cmu.o
 .text.CMU_UpdateWaitStates
                0x08007e0c        0xc ./gecko_sdk_4.4.2/platform/emlib/src/em_cmu.o
                0x08007e0c                CMU_UpdateWaitStates
 .text.pclkDivMax
                0x08007e18        0xa ./gecko_sdk_4.4.2/platform/emlib/src/em_cmu.o
 .text.sli_em_cmu_SYSCLKInitPostClockSelect
                0x08007e22       0x2a ./gecko_sdk_4.4.2/platform/emlib/src/em_cmu.o
                0x08007e22                sli_em_cmu_SYSCLKInitPostClockSelect
 .text.CORE_EnterCritical
                0x08007e4c        0x8 ./gecko_sdk_4.4.2/platform/emlib/src/em_core.o
                0x08007e4c                CORE_EnterCritical
 .text.CORE_ExitCritical
                0x08007e54        0x6 ./gecko_sdk_4.4.2/platform/emlib/src/em_core.o
                0x08007e54                CORE_ExitCritical
 .text.CORE_EnterAtomic
                0x08007e5a        0xc ./gecko_sdk_4.4.2/platform/emlib/src/em_core.o
                0x08007e5a                CORE_EnterAtomic
 .text.CORE_ExitAtomic
                0x08007e66        0x6 ./gecko_sdk_4.4.2/platform/emlib/src/em_core.o
                0x08007e66                CORE_ExitAtomic
 .text.EMU_EFPEM01VScale
                0x08007e6c        0x2 ./gecko_sdk_4.4.2/platform/emlib/src/em_emu.o
                0x08007e6c                EMU_EFPEM01VScale
 .text.EMU_DCDCUpdatedHook
                0x08007e6e        0x2 ./gecko_sdk_4.4.2/platform/emlib/src/em_emu.o
                0x08007e6e                EMU_DCDCUpdatedHook
 .text.eusart_sync
                0x08007e70        0x8 ./gecko_sdk_4.4.2/platform/emlib/src/em_eusart.o
 .text.EUSART_Disable
                0x08007e78       0x34 ./gecko_sdk_4.4.2/platform/emlib/src/em_eusart.o
 .text.EUSART_Tx
                0x08007eac        0xa ./gecko_sdk_4.4.2/platform/emlib/src/em_eusart.o
                0x08007eac                EUSART_Tx
 .text.BUS_RegMaskedWrite
                0x08007eb6       0x1e ./gecko_sdk_4.4.2/platform/emlib/src/em_gpio.o
 .text.GPIO_DbgLocationSet
                0x08007ed4        0x2 ./gecko_sdk_4.4.2/platform/emlib/src/em_gpio.o
                0x08007ed4                GPIO_DbgLocationSet
 .text.USART_SpiTransfer
                0x08007ed6       0x14 ./gecko_sdk_4.4.2/platform/emlib/src/em_usart.o
                0x08007ed6                USART_SpiTransfer
 .text.sl_iostream_write
                0x08007eea       0x22 ./gecko_sdk_4.4.2/platform/service/iostream/src/sl_iostream.o
                0x08007eea                sl_iostream_write
 .text.sl_iostream_read
                0x08007f0c       0x30 ./gecko_sdk_4.4.2/platform/service/iostream/src/sl_iostream.o
                0x08007f0c                sl_iostream_read
 .text.sl_iostream_vprintf
                0x08007f3c       0x44 ./gecko_sdk_4.4.2/platform/service/iostream/src/sl_iostream.o
                0x08007f3c                sl_iostream_vprintf
 .text.sl_iostream_printf
                0x08007f80       0x1a ./gecko_sdk_4.4.2/platform/service/iostream/src/sl_iostream.o
                0x08007f80                sl_iostream_printf
 .text.eusart_deinit
                0x08007f9a       0x70 ./gecko_sdk_4.4.2/platform/service/iostream/src/sl_iostream_eusart.o
 .text.eusart_set_next_byte_detect
                0x0800800a       0x30 ./gecko_sdk_4.4.2/platform/service/iostream/src/sl_iostream_eusart.o
 .text.eusart_tx
                0x0800803a        0xc ./gecko_sdk_4.4.2/platform/service/iostream/src/sl_iostream_eusart.o
 .text.sl_iostream_eusart_irq_handler
                0x08008046       0x72 ./gecko_sdk_4.4.2/platform/service/iostream/src/sl_iostream_eusart.o
                0x08008046                sl_iostream_eusart_irq_handler
 .text._close   0x080080b8        0x4 ./gecko_sdk_4.4.2/platform/service/iostream/src/sl_iostream_retarget_stdio.o
                0x080080b8                _close
 .text._exit    0x080080bc        0x2 ./gecko_sdk_4.4.2/platform/service/iostream/src/sl_iostream_retarget_stdio.o
                0x080080bc                _exit
 .text._fstat   0x080080be        0xa ./gecko_sdk_4.4.2/platform/service/iostream/src/sl_iostream_retarget_stdio.o
                0x080080be                _fstat
 .text._isatty  0x080080c8        0x4 ./gecko_sdk_4.4.2/platform/service/iostream/src/sl_iostream_retarget_stdio.o
                0x080080c8                _isatty
 .text._lseek   0x080080cc        0x4 ./gecko_sdk_4.4.2/platform/service/iostream/src/sl_iostream_retarget_stdio.o
                0x080080cc                _lseek
 .text._read    0x080080d0       0x1c ./gecko_sdk_4.4.2/platform/service/iostream/src/sl_iostream_retarget_stdio.o
                0x080080d0                _read
 .text.set_auto_cr_lf
                0x080080ec        0x6 ./gecko_sdk_4.4.2/platform/service/iostream/src/sl_iostream_uart.o
 .text.get_auto_cr_lf
                0x080080f2        0x6 ./gecko_sdk_4.4.2/platform/service/iostream/src/sl_iostream_uart.o
 .text.delay_callback
                0x080080f8        0x6 ./gecko_sdk_4.4.2/platform/service/sleeptimer/src/sl_sleeptimer.o
 .text.sl_sleeptimer_start_timer
                0x080080fe       0x48 ./gecko_sdk_4.4.2/platform/service/sleeptimer/src/sl_sleeptimer.o
                0x080080fe                sl_sleeptimer_start_timer
 .text.sleeptimer_hal_get_compare
                0x08008146        0x8 ./gecko_sdk_4.4.2/platform/service/sleeptimer/src/sl_sleeptimer_hal_sysrtc.o
                0x08008146                sleeptimer_hal_get_compare
 .text.sleeptimer_hal_enable_int
                0x0800814e       0x12 ./gecko_sdk_4.4.2/platform/service/sleeptimer/src/sl_sleeptimer_hal_sysrtc.o
                0x0800814e                sleeptimer_hal_enable_int
 .text.SYSRTC_APP_IRQHandler
                0x08008160       0x34 ./gecko_sdk_4.4.2/platform/service/sleeptimer/src/sl_sleeptimer_hal_sysrtc.o
                0x08008160                SYSRTC_APP_IRQHandler
 .text.sleeptimer_hal_get_timer_frequency
                0x08008194        0x6 ./gecko_sdk_4.4.2/platform/service/sleeptimer/src/sl_sleeptimer_hal_sysrtc.o
                0x08008194                sleeptimer_hal_get_timer_frequency
 .text.sl_system_init
                0x0800819a       0x1a ./gecko_sdk_4.4.2/platform/service/system/src/sl_system_init.o
                0x0800819a                sl_system_init
 .text.sl_system_process_action
                0x080081b4       0x16 ./gecko_sdk_4.4.2/platform/service/system/src/sl_system_process_action.o
                0x080081b4                sl_system_process_action
 .text.CheckAdjacentPixels
                0x080081ca       0x24 ./mlx90640/mlx90640.o
 .text.mlx90640_DumpEE
                0x080081ee       0x3e ./mlx90640/mlx90640.o
                0x080081ee                mlx90640_DumpEE
 .text.mlx90640_GetFrameData
                0x0800822c      0x142 ./mlx90640/mlx90640.o
                0x0800822c                mlx90640_GetFrameData
 .text.mlx90640_SetRefreshRate
                0x0800836e       0x32 ./mlx90640/mlx90640.o
                0x0800836e                mlx90640_SetRefreshRate
 .text._fwalk_sglue
                0x080083a0       0x3c c:/siliconlabs/simplicitystudio/v5/developer/toolchains/gnu_arm/12.2.rel1_2023.7/bin/../lib/gcc/arm-none-eabi/12.2.1/thumb/v8-m.main+fp/hard\libc_nano.a(libc_a-fwalk.o)
                0x080083a0                _fwalk_sglue
 .text.__sread  0x080083dc       0x22 c:/siliconlabs/simplicitystudio/v5/developer/toolchains/gnu_arm/12.2.rel1_2023.7/bin/../lib/gcc/arm-none-eabi/12.2.1/thumb/v8-m.main+fp/hard\libc_nano.a(libc_a-stdio.o)
                0x080083dc                __sread
 .text.__swrite
                0x080083fe       0x38 c:/siliconlabs/simplicitystudio/v5/developer/toolchains/gnu_arm/12.2.rel1_2023.7/bin/../lib/gcc/arm-none-eabi/12.2.1/thumb/v8-m.main+fp/hard\libc_nano.a(libc_a-stdio.o)
                0x080083fe                __swrite
 .text.__sseek  0x08008436       0x24 c:/siliconlabs/simplicitystudio/v5/developer/toolchains/gnu_arm/12.2.rel1_2023.7/bin/../lib/gcc/arm-none-eabi/12.2.1/thumb/v8-m.main+fp/hard\libc_nano.a(libc_a-stdio.o)
                0x08008436                __sseek
 .text.__sclose
                0x0800845a        0x8 c:/siliconlabs/simplicitystudio/v5/developer/toolchains/gnu_arm/12.2.rel1_2023.7/bin/../lib/gcc/arm-none-eabi/12.2.1/thumb/v8-m.main+fp/hard\libc_nano.a(libc_a-stdio.o)
                0x0800845a                __sclose
 .text.memset   0x08008462       0x10 c:/siliconlabs/simplicitystudio/v5/developer/toolchains/gnu_arm/12.2.rel1_2023.7/bin/../lib/gcc/arm-none-eabi/12.2.1/thumb/v8-m.main+fp/hard\libc_nano.a(libc_a-memset.o)
                0x08008462                memset
 .text.__retarget_lock_init_recursive
                0x08008472        0x2 c:/siliconlabs/simplicitystudio/v5/developer/toolchains/gnu_arm/12.2.rel1_2023.7/bin/../lib/gcc/arm-none-eabi/12.2.1/thumb/v8-m.main+fp/hard\libc_nano.a(libc_a-lock.o)
                0x08008472                __retarget_lock_init_recursive
 .text.__retarget_lock_acquire_recursive
                0x08008474        0x2 c:/siliconlabs/simplicitystudio/v5/developer/toolchains/gnu_arm/12.2.rel1_2023.7/bin/../lib/gcc/arm-none-eabi/12.2.1/thumb/v8-m.main+fp/hard\libc_nano.a(libc_a-lock.o)
                0x08008474                __retarget_lock_acquire_recursive
 .text.__retarget_lock_release_recursive
                0x08008476        0x2 c:/siliconlabs/simplicitystudio/v5/developer/toolchains/gnu_arm/12.2.rel1_2023.7/bin/../lib/gcc/arm-none-eabi/12.2.1/thumb/v8-m.main+fp/hard\libc_nano.a(libc_a-lock.o)
                0x08008476                __retarget_lock_release_recursive
 .text.memcpy   0x08008478       0x1a c:/siliconlabs/simplicitystudio/v5/developer/toolchains/gnu_arm/12.2.rel1_2023.7/bin/../lib/gcc/arm-none-eabi/12.2.1/thumb/v8-m.main+fp/hard\libc_nano.a(libc_a-memcpy-stub.o)
                0x08008478                memcpy
 .text.__sfputc_r
                0x08008492       0x2e c:/siliconlabs/simplicitystudio/v5/developer/toolchains/gnu_arm/12.2.rel1_2023.7/bin/../lib/gcc/arm-none-eabi/12.2.1/thumb/v8-m.main+fp/hard\libc_nano.a(libc_a-nano-vfprintf.o)
 .text.__sfputs_r
                0x080084c0       0x24 c:/siliconlabs/simplicitystudio/v5/developer/toolchains/gnu_arm/12.2.rel1_2023.7/bin/../lib/gcc/arm-none-eabi/12.2.1/thumb/v8-m.main+fp/hard\libc_nano.a(libc_a-nano-vfprintf.o)
                0x080084c0                __sfputs_r
 .text._printf_common
                0x080084e4       0xe4 c:/siliconlabs/simplicitystudio/v5/developer/toolchains/gnu_arm/12.2.rel1_2023.7/bin/../lib/gcc/arm-none-eabi/12.2.1/thumb/v8-m.main+fp/hard\libc_nano.a(libc_a-nano-vfprintf_i.o)
                0x080084e4                _printf_common
 .text.__sflush_r
                0x080085c8      0x106 c:/siliconlabs/simplicitystudio/v5/developer/toolchains/gnu_arm/12.2.rel1_2023.7/bin/../lib/gcc/arm-none-eabi/12.2.1/thumb/v8-m.main+fp/hard\libc_nano.a(libc_a-fflush.o)
                0x080085c8                __sflush_r
 .text._fflush_r
                0x080086ce       0x50 c:/siliconlabs/simplicitystudio/v5/developer/toolchains/gnu_arm/12.2.rel1_2023.7/bin/../lib/gcc/arm-none-eabi/12.2.1/thumb/v8-m.main+fp/hard\libc_nano.a(libc_a-fflush.o)
                0x080086ce                _fflush_r
 .text.__swhatbuf_r
                0x0800871e       0x4a c:/siliconlabs/simplicitystudio/v5/developer/toolchains/gnu_arm/12.2.rel1_2023.7/bin/../lib/gcc/arm-none-eabi/12.2.1/thumb/v8-m.main+fp/hard\libc_nano.a(libc_a-makebuf.o)
                0x0800871e                __swhatbuf_r
 .text.__smakebuf_r
                0x08008768       0x78 c:/siliconlabs/simplicitystudio/v5/developer/toolchains/gnu_arm/12.2.rel1_2023.7/bin/../lib/gcc/arm-none-eabi/12.2.1/thumb/v8-m.main+fp/hard\libc_nano.a(libc_a-makebuf.o)
                0x08008768                __smakebuf_r
 .text.__swbuf_r
                0x080087e0       0x7c c:/siliconlabs/simplicitystudio/v5/developer/toolchains/gnu_arm/12.2.rel1_2023.7/bin/../lib/gcc/arm-none-eabi/12.2.1/thumb/v8-m.main+fp/hard\libc_nano.a(libc_a-wbuf.o)
                0x080087e0                __swbuf_r
 .text.memchr   0x0800885c       0x1c c:/siliconlabs/simplicitystudio/v5/developer/toolchains/gnu_arm/12.2.rel1_2023.7/bin/../lib/gcc/arm-none-eabi/12.2.1/thumb/v8-m.main+fp/hard\libc_nano.a(libc_a-memchr-stub.o)
                0x0800885c                memchr
                0x08008880                . = ALIGN (0x20)
 *fill*         0x08008878        0x8 
                0x08008880                linker_code_end = .
 *(.init)
 .init          0x08008880        0x4 c:/siliconlabs/simplicitystudio/v5/developer/toolchains/gnu_arm/12.2.rel1_2023.7/bin/../lib/gcc/arm-none-eabi/12.2.1/thumb/v8-m.main+fp/hard/crti.o
                0x08008880                _init
 .init          0x08008884        0x8 c:/siliconlabs/simplicitystudio/v5/developer/toolchains/gnu_arm/12.2.rel1_2023.7/bin/../lib/gcc/arm-none-eabi/12.2.1/thumb/v8-m.main+fp/hard/crtn.o
 *(.fini)
 .fini          0x0800888c        0x4 c:/siliconlabs/simplicitystudio/v5/developer/toolchains/gnu_arm/12.2.rel1_2023.7/bin/../lib/gcc/arm-none-eabi/12.2.1/thumb/v8-m.main+fp/hard/crti.o
                0x0800888c                _fini
 .fini          0x08008890        0x8 c:/siliconlabs/simplicitystudio/v5/developer/toolchains/gnu_arm/12.2.rel1_2023.7/bin/../lib/gcc/arm-none-eabi/12.2.1/thumb/v8-m.main+fp/hard/crtn.o
 *crtbegin.o(.ctors)
 *crtbegin?.o(.ctors)
 *(EXCLUDE_FILE(*crtend.o *crtend?.o) .ctors)
 *(SORT_BY_NAME(.ctors.*))
 *(.ctors)
 *crtbegin.o(.dtors)
 *crtbegin?.o(.dtors)
 *(EXCLUDE_FILE(*crtend.o *crtend?.o) .dtors)
 *(SORT_BY_NAME(.dtors.*))
 *(.dtors)
                0x08008898                __code_classification_validator_start__ = .
                0x080088b8                . = (. + 0x20)
 *fill*         0x08008898       0x20 
 *(code_classification_validator)
                0x080088c0                . = ALIGN (0x20)
 *fill*         0x080088b8        0x8 
                0x080088c0                __code_classification_validator_end__ = .
 *(.rodata*)
 .rodata.read_raw_ir_data.str1.1
                0x080088c0       0x49 ./app.o
 .rodata.mlx90640_timer_callback.str1.1
                0x08008909       0x35 ./app.o
 .rodata.app_init.str1.1
                0x0800893e       0x38 ./app.o
 .rodata.sl_iostream_eusart_init_vcom.str1.1
                0x08008976       0x2f ./autogen/sl_iostream_init_eusart_instances.o
 *fill*         0x080089a5        0x3 
 .rodata        0x080089a8       0x20 ./autogen/sl_iostream_init_eusart_instances.o
 .rodata        0x080089c8       0x1c ./gecko_sdk_4.4.2/hardware/driver/mx25_flash_shutdown/src/sl_mx25_flash_shutdown_usart/sl_mx25_flash_shutdown.o
 .rodata.I2CSPM_Init.str1.1
                0x080089e4       0xa2 ./gecko_sdk_4.4.2/platform/driver/i2cspm/src/sl_i2cspm.o
 .rodata.CSWTCH.10
                0x08008a86        0x8 ./gecko_sdk_4.4.2/platform/driver/i2cspm/src/sl_i2cspm.o
 .rodata        0x08008a8e        0x4 ./gecko_sdk_4.4.2/platform/emdrv/dmadrv/src/dmadrv.o
 .rodata.HFRCODPLLDevinfoGet.str1.1
                0x08008a92       0x4b ./gecko_sdk_4.4.2/platform/emlib/src/em_cmu.o
 .rodata.EMU_VScaleEM01.str1.1
                0x08008add       0x4b ./gecko_sdk_4.4.2/platform/emlib/src/em_emu.o
 .rodata.EUSART_Enable.str1.1
                0x08008b28       0x4e ./gecko_sdk_4.4.2/platform/emlib/src/em_eusart.o
 .rodata.GPIO_PinOutSet.str1.1
                0x08008b76       0x4c ./gecko_sdk_4.4.2/platform/emlib/src/em_gpio.o
 .rodata.GPIO_ExtIntConfig.str1.1
                0x08008b76       0x4c ./gecko_sdk_4.4.2/platform/emlib/src/em_gpio.o
 .rodata.CSWTCH.31
                0x08008bc2        0x8 ./gecko_sdk_4.4.2/platform/emlib/src/em_gpio.o
 .rodata.I2C_BusFreqGet.str1.1
                0x08008bca       0x4b ./gecko_sdk_4.4.2/platform/emlib/src/em_i2c.o
 .rodata.i2cNSum
                0x08008c15        0x4 ./gecko_sdk_4.4.2/platform/emlib/src/em_i2c.o
 .rodata.LDMA_EnableChannelRequest.str1.1
                0x08008c19       0x97 ./gecko_sdk_4.4.2/platform/emlib/src/em_ldma.o
 .rodata.USART_BaudrateAsyncSet.str1.1
                0x08008cb0       0x4d ./gecko_sdk_4.4.2/platform/emlib/src/em_usart.o
 .rodata.sl_hal_sysrtc_init_group.str1.1
                0x08008cfd       0x5b ./gecko_sdk_4.4.2/platform/peripheral/src/peripheral_sysrtc.o
 .rodata        0x08008d58        0x7 ./gecko_sdk_4.4.2/platform/service/device_init/src/sl_device_init_dcdc_s2.o
 *fill*         0x08008d5f        0x1 
 .rodata        0x08008d60       0x28 ./gecko_sdk_4.4.2/platform/service/device_init/src/sl_device_init_hfxo_s2.o
 .rodata        0x08008d88       0x14 ./gecko_sdk_4.4.2/platform/service/device_init/src/sl_device_init_lfxo_s2.o
 .rodata._write.str1.1
                0x08008d9c       0x6a ./gecko_sdk_4.4.2/platform/service/iostream/src/sl_iostream_retarget_stdio.o
 .rodata.get_write_ptr.str1.1
                0x08008e06       0x60 ./gecko_sdk_4.4.2/platform/service/iostream/src/sl_iostream_uart.o
 .rodata.process_timer_irq.str1.1
                0x08008e66       0x5f ./gecko_sdk_4.4.2/platform/service/sleeptimer/src/sl_sleeptimer.o
 .rodata.sl_udelay_wait.str1.1
                0x08008ec5       0x57 ./gecko_sdk_4.4.2/platform/service/udelay/src/sl_udelay.o
 .rodata.mlx90640_ExtractParameters.str1.1
                0x08008f1c       0x58 ./mlx90640/mlx90640.o
 .rodata.mlx90640_init.str1.1
                0x08008f74       0x68 ./mlx90640/mlx90640.o
 .rodata.mlx90640_I2CRead.str1.1
                0x08008fdc       0x21 ./mlx90640/mlx90640_i2c.o
 .rodata._vfprintf_r.str1.1
                0x08008ffd       0x11 c:/siliconlabs/simplicitystudio/v5/developer/toolchains/gnu_arm/12.2.rel1_2023.7/bin/../lib/gcc/arm-none-eabi/12.2.1/thumb/v8-m.main+fp/hard\libc_nano.a(libc_a-nano-vfprintf.o)
 .rodata._printf_i.str1.1
                0x0800900e       0x22 c:/siliconlabs/simplicitystudio/v5/developer/toolchains/gnu_arm/12.2.rel1_2023.7/bin/../lib/gcc/arm-none-eabi/12.2.1/thumb/v8-m.main+fp/hard\libc_nano.a(libc_a-nano-vfprintf_i.o)
 *(.eh_frame*)
 .eh_frame      0x08009030        0x0 c:/siliconlabs/simplicitystudio/v5/developer/toolchains/gnu_arm/12.2.rel1_2023.7/bin/../lib/gcc/arm-none-eabi/12.2.1/thumb/v8-m.main+fp/hard/crtbegin.o

.glue_7         0x08009030        0x0
 .glue_7        0x08009030        0x0 linker stubs

.glue_7t        0x08009030        0x0
 .glue_7t       0x08009030        0x0 linker stubs

.vfp11_veneer   0x08009030        0x0
 .vfp11_veneer  0x08009030        0x0 linker stubs

.v4_bx          0x08009030        0x0
 .v4_bx         0x08009030        0x0 linker stubs

.iplt           0x08009030        0x0
 .iplt          0x08009030        0x0 c:/siliconlabs/simplicitystudio/v5/developer/toolchains/gnu_arm/12.2.rel1_2023.7/bin/../lib/gcc/arm-none-eabi/12.2.1/thumb/v8-m.main+fp/hard/crtbegin.o

.ARM.extab
 *(.ARM.extab* .gnu.linkonce.armextab.*)
                0x08009030                __exidx_start = .

.ARM.exidx      0x08009030        0x8
 *(.ARM.exidx* .gnu.linkonce.armexidx.*)
 .ARM.exidx     0x08009030        0x8 c:/siliconlabs/simplicitystudio/v5/developer/toolchains/gnu_arm/12.2.rel1_2023.7/bin/../lib/gcc/arm-none-eabi/12.2.1/thumb/v8-m.main+fp/hard/crt0.o
                                 0x10 (size before relaxing)
 .ARM.exidx.text.__udivmoddi4
                0x08009038        0x0 c:/siliconlabs/simplicitystudio/v5/developer/toolchains/gnu_arm/12.2.rel1_2023.7/bin/../lib/gcc/arm-none-eabi/12.2.1/thumb/v8-m.main+fp/hard\libgcc.a(_udivmoddi4.o)
                                  0x8 (size before relaxing)
                0x08009038                __exidx_end = .

.rel.dyn        0x08009038        0x0
 .rel.iplt      0x08009038        0x0 c:/siliconlabs/simplicitystudio/v5/developer/toolchains/gnu_arm/12.2.rel1_2023.7/bin/../lib/gcc/arm-none-eabi/12.2.1/thumb/v8-m.main+fp/hard/crtbegin.o

.copy.table     0x08009038        0xc
                0x08009038                . = ALIGN (0x4)
                0x08009038                __copy_table_start__ = .
                0x08009038        0x4 LONG 0x8009044 __etext
                0x0800903c        0x4 LONG 0x20001000 __data_start__
                0x08009040        0x4 LONG 0x2c ((__data_end__ - __data_start__) / 0x4)
                0x08009044                __copy_table_end__ = .

.zero.table     0x08009044        0x0
                0x08009044                . = ALIGN (0x4)
                0x08009044                __zero_table_start__ = .
                0x08009044                __zero_table_end__ = .
                0x08009044                __etext = .
                0x20000000                . = ORIGIN (RAM)

.stack          0x20000000     0x1000
                0x20000000                __StackLimit = .
 *(.stack*)
 .stack         0x20000000     0x1000 ./gecko_sdk_4.4.2/platform/common/toolchain/src/sl_memory.o
                0x20001000                . = ALIGN (0x4)
                0x20001000                __StackTop = .
                0x20001000                PROVIDE (__stack = __StackTop)

.noinit
 *(.noinit*)

.data           0x20001000       0xb0 load address 0x08009044
                0x20001000                . = ALIGN (0x4)
                0x20001000                __data_start__ = .
 *(vtable)
 *(SORT_BY_ALIGNMENT(.data*))
 .data.tiny     0x20001000        0x8 c:/siliconlabs/simplicitystudio/v5/developer/toolchains/gnu_arm/12.2.rel1_2023.7/bin/../lib/gcc/arm-none-eabi/12.2.1/thumb/v8-m.main+fp/hard\libm.a(libm_a-e_sqrt.o)
 .data.one      0x20001008        0x8 c:/siliconlabs/simplicitystudio/v5/developer/toolchains/gnu_arm/12.2.rel1_2023.7/bin/../lib/gcc/arm-none-eabi/12.2.1/thumb/v8-m.main+fp/hard\libm.a(libm_a-e_sqrt.o)
 .data.MAX_ITERATIONS
                0x20001010        0x4 ./app.o
                0x20001010                MAX_ITERATIONS
 .data.init_sensor
                0x20001014       0x14 ./autogen/sl_i2cspm_init.o
                0x20001014                init_sensor
 .data.sl_i2cspm_sensor
                0x20001028        0x4 ./autogen/sl_i2cspm_init.o
                0x20001028                sl_i2cspm_sensor
 .data.SystemCoreClock
                0x2000102c        0x4 ./gecko_sdk_4.4.2/platform/Device/SiliconLabs/EFR32MG24/Source/system_efr32mg24.o
                0x2000102c                SystemCoreClock
 .data.SystemHFRCODPLLClock
                0x20001030        0x4 ./gecko_sdk_4.4.2/platform/Device/SiliconLabs/EFR32MG24/Source/system_efr32mg24.o
 .data.SystemLFXOClock
                0x20001034        0x4 ./gecko_sdk_4.4.2/platform/Device/SiliconLabs/EFR32MG24/Source/system_efr32mg24.o
 .data.SystemHFXOClock
                0x20001038        0x4 ./gecko_sdk_4.4.2/platform/Device/SiliconLabs/EFR32MG24/Source/system_efr32mg24.o
 .data.heap_end.0
                0x2000103c        0x4 ./gecko_sdk_4.4.2/platform/common/toolchain/src/sl_memory.o
 .data.__sglue  0x20001040        0xc c:/siliconlabs/simplicitystudio/v5/developer/toolchains/gnu_arm/12.2.rel1_2023.7/bin/../lib/gcc/arm-none-eabi/12.2.1/thumb/v8-m.main+fp/hard\libc_nano.a(libc_a-findfp.o)
                0x20001040                __sglue
 .data._impure_ptr
                0x2000104c        0x4 c:/siliconlabs/simplicitystudio/v5/developer/toolchains/gnu_arm/12.2.rel1_2023.7/bin/../lib/gcc/arm-none-eabi/12.2.1/thumb/v8-m.main+fp/hard\libc_nano.a(libc_a-impure.o)
                0x2000104c                _impure_ptr
 .data._impure_data
                0x20001050       0x4c c:/siliconlabs/simplicitystudio/v5/developer/toolchains/gnu_arm/12.2.rel1_2023.7/bin/../lib/gcc/arm-none-eabi/12.2.1/thumb/v8-m.main+fp/hard\libc_nano.a(libc_a-impure.o)
                0x20001050                _impure_data
 .data.hfxo_precision
                0x2000109c        0x2 ./gecko_sdk_4.4.2/platform/emlib/src/em_cmu.o
 .data.lfxo_precision
                0x2000109e        0x2 ./gecko_sdk_4.4.2/platform/emlib/src/em_cmu.o
 .data.level_mask
                0x200010a0        0x1 ./gecko_sdk_4.4.2/app/common/util/app_log/app_log.o
 .data.level_filter_threshold
                0x200010a1        0x1 ./gecko_sdk_4.4.2/app/common/util/app_log/app_log.o
 .data.level_filter_enabled
                0x200010a2        0x1 ./gecko_sdk_4.4.2/app/common/util/app_log/app_log.o
 .data.ctuneDelta
                0x200010a3        0x1 ./gecko_sdk_4.4.2/platform/emlib/src/em_cmu.o
 .data.cc_disabled
                0x200010a4        0x1 ./gecko_sdk_4.4.2/platform/service/sleeptimer/src/sl_sleeptimer_hal_sysrtc.o
 .data.i2c_addr
                0x200010a5        0x1 ./mlx90640/mlx90640_i2c.o
                0x200010a8                . = ALIGN (0x4)
 *fill*         0x200010a6        0x2 
                [!provide]                PROVIDE (__ram_func_section_start = .)
 *(.ram)
                [!provide]                PROVIDE (__ram_func_section_end = .)
                0x200010a8                . = ALIGN (0x4)
                0x200010a8                PROVIDE (__preinit_array_start = .)
 *(.preinit_array)
                0x200010a8                PROVIDE (__preinit_array_end = .)
                0x200010a8                . = ALIGN (0x4)
                0x200010a8                PROVIDE (__init_array_start = .)
 *(SORT_BY_NAME(.init_array.*))
 *(.init_array)
 .init_array    0x200010a8        0x4 c:/siliconlabs/simplicitystudio/v5/developer/toolchains/gnu_arm/12.2.rel1_2023.7/bin/../lib/gcc/arm-none-eabi/12.2.1/thumb/v8-m.main+fp/hard/crtbegin.o
                0x200010ac                PROVIDE (__init_array_end = .)
                0x200010ac                . = ALIGN (0x4)
                [!provide]                PROVIDE (__fini_array_start = .)
 *(SORT_BY_NAME(.fini_array.*))
 *(.fini_array)
 .fini_array    0x200010ac        0x4 c:/siliconlabs/simplicitystudio/v5/developer/toolchains/gnu_arm/12.2.rel1_2023.7/bin/../lib/gcc/arm-none-eabi/12.2.1/thumb/v8-m.main+fp/hard/crtbegin.o
                [!provide]                PROVIDE (__fini_array_end = .)
                0x200010b0                . = ALIGN (0x4)
                0x200010b0                __data_end__ = .

.tm_clone_table
                0x200010b0        0x0 load address 0x080090f4
 .tm_clone_table
                0x200010b0        0x0 c:/siliconlabs/simplicitystudio/v5/developer/toolchains/gnu_arm/12.2.rel1_2023.7/bin/../lib/gcc/arm-none-eabi/12.2.1/thumb/v8-m.main+fp/hard/crtbegin.o
 .tm_clone_table
                0x200010b0        0x0 c:/siliconlabs/simplicitystudio/v5/developer/toolchains/gnu_arm/12.2.rel1_2023.7/bin/../lib/gcc/arm-none-eabi/12.2.1/thumb/v8-m.main+fp/hard/crtend.o

.igot.plt       0x200010b0        0x0 load address 0x080090f4
 .igot.plt      0x200010b0        0x0 c:/siliconlabs/simplicitystudio/v5/developer/toolchains/gnu_arm/12.2.rel1_2023.7/bin/../lib/gcc/arm-none-eabi/12.2.1/thumb/v8-m.main+fp/hard/crtbegin.o

.bss            0x200010b0     0x2f64 load address 0x080090f4
                0x200010b0                . = ALIGN (0x4)
                0x200010b0                __bss_start__ = .
 *(SORT_BY_ALIGNMENT(.bss*))
 .bss.object.0  0x200010b0       0x18 c:/siliconlabs/simplicitystudio/v5/developer/toolchains/gnu_arm/12.2.rel1_2023.7/bin/../lib/gcc/arm-none-eabi/12.2.1/thumb/v8-m.main+fp/hard/crtbegin.o
 .bss.mlxParams
                0x200010c8     0x127c ./app.o
 .bss.mlx90640_timer
                0x20002344       0x20 ./app.o
                0x20002344                mlx90640_timer
 .bss.iteration_count
                0x20002364        0x4 ./app.o
                0x20002364                iteration_count
 .bss.context_vcom
                0x20002368       0x64 ./autogen/sl_iostream_init_eusart_instances.o
 .bss.sl_iostream_vcom
                0x200023cc       0x18 ./autogen/sl_iostream_init_eusart_instances.o
 .bss.app_log_iostream
                0x200023e4        0x4 ./gecko_sdk_4.4.2/app/common/util/app_log/app_log.o
                0x200023e4                app_log_iostream
 .bss.dmaXfer   0x200023e8      0x100 ./gecko_sdk_4.4.2/platform/emdrv/dmadrv/src/dmadrv.o
 .bss.chTable   0x200024e8       0x80 ./gecko_sdk_4.4.2/platform/emdrv/dmadrv/src/dmadrv.o
 .bss.i2cTransfer
                0x20002568       0x18 ./gecko_sdk_4.4.2/platform/emlib/src/em_i2c.o
 .bss.sli_iostream_default
                0x20002580        0x4 ./gecko_sdk_4.4.2/platform/service/iostream/src/sl_iostream.o
 .bss.max_millisecond_conversion
                0x20002584        0x4 ./gecko_sdk_4.4.2/platform/service/sleeptimer/src/sl_sleeptimer.o
 .bss.last_delta_update_count
                0x20002588        0x4 ./gecko_sdk_4.4.2/platform/service/sleeptimer/src/sl_sleeptimer.o
 .bss.timer_head
                0x2000258c        0x4 ./gecko_sdk_4.4.2/platform/service/sleeptimer/src/sl_sleeptimer.o
 .bss.timer_frequency
                0x20002590        0x4 ./gecko_sdk_4.4.2/platform/service/sleeptimer/src/sl_sleeptimer.o
 .bss.mlx90640  0x20002594     0x127c ./mlx90640/mlx90640.o
 .bss.i2cspm    0x20003810        0x4 ./mlx90640/mlx90640_i2c.o
 .bss.__malloc_sbrk_start
                0x20003814        0x4 c:/siliconlabs/simplicitystudio/v5/developer/toolchains/gnu_arm/12.2.rel1_2023.7/bin/../lib/gcc/arm-none-eabi/12.2.1/thumb/v8-m.main+fp/hard\libc_nano.a(libc_a-mallocr.o)
                0x20003814                __malloc_sbrk_start
 .bss.__malloc_free_list
                0x20003818        0x4 c:/siliconlabs/simplicitystudio/v5/developer/toolchains/gnu_arm/12.2.rel1_2023.7/bin/../lib/gcc/arm-none-eabi/12.2.1/thumb/v8-m.main+fp/hard\libc_nano.a(libc_a-mallocr.o)
                0x20003818                __malloc_free_list
 .bss.__sf      0x2000381c      0x138 c:/siliconlabs/simplicitystudio/v5/developer/toolchains/gnu_arm/12.2.rel1_2023.7/bin/../lib/gcc/arm-none-eabi/12.2.1/thumb/v8-m.main+fp/hard\libc_nano.a(libc_a-findfp.o)
                0x2000381c                __sf
 .bss.__stdio_exit_handler
                0x20003954        0x4 c:/siliconlabs/simplicitystudio/v5/developer/toolchains/gnu_arm/12.2.rel1_2023.7/bin/../lib/gcc/arm-none-eabi/12.2.1/thumb/v8-m.main+fp/hard\libc_nano.a(libc_a-findfp.o)
                0x20003954                __stdio_exit_handler
 .bss.errno     0x20003958        0x4 c:/siliconlabs/simplicitystudio/v5/developer/toolchains/gnu_arm/12.2.rel1_2023.7/bin/../lib/gcc/arm-none-eabi/12.2.1/thumb/v8-m.main+fp/hard\libc_nano.a(libc_a-reent.o)
                0x20003958                errno
 .bss.frameData
                0x2000395c      0x684 ./app.o
                0x2000395c                frameData
 .bss.overflow_counter
                0x20003fe0        0x2 ./gecko_sdk_4.4.2/platform/service/sleeptimer/src/sl_sleeptimer.o
 .bss.dataCheck.0
                0x20003fe2        0x2 ./mlx90640/mlx90640_i2c.o
 .bss.completed.1
                0x20003fe4        0x1 c:/siliconlabs/simplicitystudio/v5/developer/toolchains/gnu_arm/12.2.rel1_2023.7/bin/../lib/gcc/arm-none-eabi/12.2.1/thumb/v8-m.main+fp/hard/crtbegin.o
 .bss.rx_buffer_vcom
                0x20003fe5       0x20 ./autogen/sl_iostream_init_eusart_instances.o
 .bss.level_mask_enabled
                0x20004005        0x1 ./gecko_sdk_4.4.2/app/common/util/app_log/app_log.o
 .bss.initialized
                0x20004006        0x1 ./gecko_sdk_4.4.2/platform/emdrv/dmadrv/src/dmadrv.o
 .bss.vScaleEM01Config
                0x20004007        0x1 ./gecko_sdk_4.4.2/platform/emlib/src/em_emu.o
 .bss.dali_rx_nb_packets
                0x20004008        0x2 ./gecko_sdk_4.4.2/platform/emlib/src/em_eusart.o
 .bss.dali_tx_nb_packets
                0x2000400a        0x2 ./gecko_sdk_4.4.2/platform/emlib/src/em_eusart.o
 .bss.sleep_on_isr_exit
                0x2000400c        0x1 ./gecko_sdk_4.4.2/platform/service/sleeptimer/src/sl_sleeptimer.o
 .bss.next_timer_to_expire_is_power_manager
                0x2000400d        0x1 ./gecko_sdk_4.4.2/platform/service/sleeptimer/src/sl_sleeptimer.o
 .bss.is_sleeptimer_initialized
                0x2000400e        0x1 ./gecko_sdk_4.4.2/platform/service/sleeptimer/src/sl_sleeptimer.o
 .bss.__lock___malloc_recursive_mutex
                0x2000400f        0x1 c:/siliconlabs/simplicitystudio/v5/developer/toolchains/gnu_arm/12.2.rel1_2023.7/bin/../lib/gcc/arm-none-eabi/12.2.1/thumb/v8-m.main+fp/hard\libc_nano.a(libc_a-lock.o)
                0x2000400f                __lock___malloc_recursive_mutex
 .bss.__lock___sfp_recursive_mutex
                0x20004010        0x1 c:/siliconlabs/simplicitystudio/v5/developer/toolchains/gnu_arm/12.2.rel1_2023.7/bin/../lib/gcc/arm-none-eabi/12.2.1/thumb/v8-m.main+fp/hard\libc_nano.a(libc_a-lock.o)
                0x20004010                __lock___sfp_recursive_mutex
 *(COMMON)
                0x20004014                . = ALIGN (0x4)
 *fill*         0x20004011        0x3 
                0x20004014                __bss_end__ = .
                0x20004014                __ramfuncs_start__ = .
                0x20004014                __vma_ramfuncs_start__ = .
                0x080090f4                __lma_ramfuncs_start__ = (__etext + SIZEOF (.data))
                0x00000000                __text_application_ram_offset__ = (. - __vma_ramfuncs_start__)

text_application_ram
                0x20004014        0x0 load address 0x080090f4
                0x20004014                . = ALIGN (0x4)
                0x20004014                __text_application_ram_start__ = .
 *(text_application_ram)
                0x20004014                . = ALIGN (0x4)
                0x20004014                __text_application_ram_end__ = .
                0x20004014                . = ALIGN (0x4)
                0x20004014                __vma_ramfuncs_end__ = .
                0x080090f4                __lma_ramfuncs_end__ = ((__lma_ramfuncs_start__ + __text_application_ram_offset__) + SIZEOF (text_application_ram))
                0x20004014                __ramfuncs_end__ = .

.heap           0x20004018      0x800
                0x20004018                __HeapBase = .
                0x20004018                __end__ = .
                0x20004018                end = __end__
                0x20004018                _end = __end__
 *(.heap*)
 .heap          0x20004018      0x800 ./gecko_sdk_4.4.2/platform/common/toolchain/src/sl_memory.o
                0x20040000                __HeapLimit = (ORIGIN (RAM) + LENGTH (RAM))
                0x0003bfe8                __heap_size = (__HeapLimit - __HeapBase)
                0x20040000                __ram_end__ = 0x20040000
                0x0817e000                __main_flash_end__ = 0x817e000

.internal_storage
 *(.internal_storage*)

.nvm
 *(.simee*)
                0x0817e000                linker_nvm_end = __main_flash_end__
                0x0817e000                linker_nvm_begin = (linker_nvm_end - SIZEOF (.nvm))
                0x00000000                linker_nvm_size = SIZEOF (.nvm)